This is pdfTeX, Version 3.141592653-2.6-1.40.27 (TeX Live 2025/nixos.org) (preloaded format=pdflatex)
 restricted \write18 enabled.
entering extended mode
(./juliacon2026_poster.tex
LaTeX2e <2025-11-01>
L3 programming layer <2026-01-19>

(/nix/store/z04bvjdadj4kd7zihcwn0v44vkmyimf4-texlive-combined-full-2025-final-t
exmfdist/tex/latex/koma-script/scrartcl.cls
Document Class: scrartcl 2026/02/02 v3.49.2 KOMA-Script document class (article
)

(/nix/store/z04bvjdadj4kd7zihcwn0v44vkmyimf4-texlive-combined-full-2025-final-t
exmfdist/tex/latex/koma-script/scrkbase.sty
(/nix/store/z04bvjdadj4kd7zihcwn0v44vkmyimf4-texlive-combined-full-2025-final-t
exmfdist/tex/latex/koma-script/scrbase.sty
(/nix/store/z04bvjdadj4kd7zihcwn0v44vkmyimf4-texlive-combined-full-2025-final-t
exmfdist/tex/latex/koma-script/scrlfile.sty
(/nix/store/z04bvjdadj4kd7zihcwn0v44vkmyimf4-texlive-combined-full-2025-final-t
exmfdist/tex/latex/koma-script/scrlfile-hook.sty
(/nix/store/z04bvjdadj4kd7zihcwn0v44vkmyimf4-texlive-combined-full-2025-final-t
exmfdist/tex/latex/koma-script/scrlogo.sty)))
(/nix/store/z04bvjdadj4kd7zihcwn0v44vkmyimf4-texlive-combined-full-2025-final-t
exmfdist/tex/latex/graphics/keyval.sty)))
(/nix/store/z04bvjdadj4kd7zihcwn0v44vkmyimf4-texlive-combined-full-2025-final-t
exmfdist/tex/latex/koma-script/tocbasic.sty)
(/nix/store/z04bvjdadj4kd7zihcwn0v44vkmyimf4-texlive-combined-full-2025-final-t
exmfdist/tex/latex/extsizes/size20.clo)
(/nix/store/z04bvjdadj4kd7zihcwn0v44vkmyimf4-texlive-combined-full-2025-final-t
exmfdist/tex/latex/koma-script/typearea.sty

Package typearea Warning: DIV for 20.0pt and used papersize
(typearea)                not defined!
(typearea)                Using DIV=calc.


Package typearea Info: DIV calculation for classic typearea. on input line 1810
.

))
(/nix/store/z04bvjdadj4kd7zihcwn0v44vkmyimf4-texlive-combined-full-2025-final-t
exmfdist/tex/latex/base/fontenc.sty)
(/nix/store/z04bvjdadj4kd7zihcwn0v44vkmyimf4-texlive-combined-full-2025-final-t
exmfdist/tex/latex/base/inputenc.sty)
(/nix/store/z04bvjdadj4kd7zihcwn0v44vkmyimf4-texlive-combined-full-2025-final-t
exmfdist/tex/latex/fira/FiraSans.sty
(/nix/store/z04bvjdadj4kd7zihcwn0v44vkmyimf4-texlive-combined-full-2025-final-t
exmfdist/tex/generic/iftex/ifxetex.sty
(/nix/store/z04bvjdadj4kd7zihcwn0v44vkmyimf4-texlive-combined-full-2025-final-t
exmfdist/tex/generic/iftex/iftex.sty))
(/nix/store/z04bvjdadj4kd7zihcwn0v44vkmyimf4-texlive-combined-full-2025-final-t
exmfdist/tex/generic/iftex/ifluatex.sty)
(/nix/store/z04bvjdadj4kd7zihcwn0v44vkmyimf4-texlive-combined-full-2025-final-t
exmfdist/tex/latex/xkeyval/xkeyval.sty
(/nix/store/z04bvjdadj4kd7zihcwn0v44vkmyimf4-texlive-combined-full-2025-final-t
exmfdist/tex/generic/xkeyval/xkeyval.tex
(/nix/store/z04bvjdadj4kd7zihcwn0v44vkmyimf4-texlive-combined-full-2025-final-t
exmfdist/tex/generic/xkeyval/xkvutils.tex)))
(/nix/store/z04bvjdadj4kd7zihcwn0v44vkmyimf4-texlive-combined-full-2025-final-t
exmfdist/tex/latex/base/textcomp.sty)
(/nix/store/z04bvjdadj4kd7zihcwn0v44vkmyimf4-texlive-combined-full-2025-final-t
exmfdist/tex/latex/fontaxes/fontaxes.sty
(/nix/store/z04bvjdadj4kd7zihcwn0v44vkmyimf4-texlive-combined-full-2025-final-t
exmfdist/tex/latex/figureversions/figureversions.sty)))
(/nix/store/z04bvjdadj4kd7zihcwn0v44vkmyimf4-texlive-combined-full-2025-final-t
exmfdist/tex/latex/geometry/geometry.sty
(/nix/store/z04bvjdadj4kd7zihcwn0v44vkmyimf4-texlive-combined-full-2025-final-t
exmfdist/tex/generic/iftex/ifvtex.sty))
(/nix/store/z04bvjdadj4kd7zihcwn0v44vkmyimf4-texlive-combined-full-2025-final-t
exmfdist/tex/latex/pgf/frontendlayer/tikz.sty
(/nix/store/z04bvjdadj4kd7zihcwn0v44vkmyimf4-texlive-combined-full-2025-final-t
exmfdist/tex/latex/pgf/basiclayer/pgf.sty
(/nix/store/z04bvjdadj4kd7zihcwn0v44vkmyimf4-texlive-combined-full-2025-final-t
exmfdist/tex/latex/pgf/utilities/pgfrcs.sty
(/nix/store/z04bvjdadj4kd7zihcwn0v44vkmyimf4-texlive-combined-full-2025-final-t
exmfdist/tex/generic/pgf/utilities/pgfutil-common.tex)
(/nix/store/z04bvjdadj4kd7zihcwn0v44vkmyimf4-texlive-combined-full-2025-final-t
exmfdist/tex/generic/pgf/utilities/pgfutil-latex.def)
(/nix/store/z04bvjdadj4kd7zihcwn0v44vkmyimf4-texlive-combined-full-2025-final-t
exmfdist/tex/generic/pgf/utilities/pgfrcs.code.tex
(/nix/store/z04bvjdadj4kd7zihcwn0v44vkmyimf4-texlive-combined-full-2025-final-t
exmfdist/tex/generic/pgf/pgf.revision.tex)))
(/nix/store/z04bvjdadj4kd7zihcwn0v44vkmyimf4-texlive-combined-full-2025-final-t
exmfdist/tex/latex/pgf/basiclayer/pgfcore.sty
(/nix/store/z04bvjdadj4kd7zihcwn0v44vkmyimf4-texlive-combined-full-2025-final-t
exmfdist/tex/latex/graphics/graphicx.sty
(/nix/store/z04bvjdadj4kd7zihcwn0v44vkmyimf4-texlive-combined-full-2025-final-t
exmfdist/tex/latex/graphics/graphics.sty
(/nix/store/z04bvjdadj4kd7zihcwn0v44vkmyimf4-texlive-combined-full-2025-final-t
exmfdist/tex/latex/graphics/trig.sty)
(/nix/store/z04bvjdadj4kd7zihcwn0v44vkmyimf4-texlive-combined-full-2025-final-t
exmfdist/tex/latex/graphics-cfg/graphics.cfg)
(/nix/store/z04bvjdadj4kd7zihcwn0v44vkmyimf4-texlive-combined-full-2025-final-t
exmfdist/tex/latex/graphics-def/pdftex.def)))
(/nix/store/z04bvjdadj4kd7zihcwn0v44vkmyimf4-texlive-combined-full-2025-final-t
exmfdist/tex/latex/pgf/systemlayer/pgfsys.sty
(/nix/store/z04bvjdadj4kd7zihcwn0v44vkmyimf4-texlive-combined-full-2025-final-t
exmfdist/tex/generic/pgf/systemlayer/pgfsys.code.tex
(/nix/store/z04bvjdadj4kd7zihcwn0v44vkmyimf4-texlive-combined-full-2025-final-t
exmfdist/tex/generic/pgf/utilities/pgfkeys.code.tex
(/nix/store/z04bvjdadj4kd7zihcwn0v44vkmyimf4-texlive-combined-full-2025-final-t
exmfdist/tex/generic/pgf/utilities/pgfkeyslibraryfiltered.code.tex))
(/nix/store/z04bvjdadj4kd7zihcwn0v44vkmyimf4-texlive-combined-full-2025-final-t
exmfdist/tex/generic/pgf/systemlayer/pgf.cfg)
(/nix/store/z04bvjdadj4kd7zihcwn0v44vkmyimf4-texlive-combined-full-2025-final-t
exmfdist/tex/generic/pgf/systemlayer/pgfsys-pdftex.def
(/nix/store/z04bvjdadj4kd7zihcwn0v44vkmyimf4-texlive-combined-full-2025-final-t
exmfdist/tex/generic/pgf/systemlayer/pgfsys-common-pdf.def)))
(/nix/store/z04bvjdadj4kd7zihcwn0v44vkmyimf4-texlive-combined-full-2025-final-t
exmfdist/tex/generic/pgf/systemlayer/pgfsyssoftpath.code.tex)
(/nix/store/z04bvjdadj4kd7zihcwn0v44vkmyimf4-texlive-combined-full-2025-final-t
exmfdist/tex/generic/pgf/systemlayer/pgfsysprotocol.code.tex))
(/nix/store/z04bvjdadj4kd7zihcwn0v44vkmyimf4-texlive-combined-full-2025-final-t
exmfdist/tex/latex/xcolor/xcolor.sty
(/nix/store/z04bvjdadj4kd7zihcwn0v44vkmyimf4-texlive-combined-full-2025-final-t
exmfdist/tex/latex/graphics-cfg/color.cfg)
(/nix/store/z04bvjdadj4kd7zihcwn0v44vkmyimf4-texlive-combined-full-2025-final-t
exmfdist/tex/latex/graphics/mathcolor.ltx))
(/nix/store/z04bvjdadj4kd7zihcwn0v44vkmyimf4-texlive-combined-full-2025-final-t
exmfdist/tex/generic/pgf/basiclayer/pgfcore.code.tex
(/nix/store/z04bvjdadj4kd7zihcwn0v44vkmyimf4-texlive-combined-full-2025-final-t
exmfdist/tex/generic/pgf/math/pgfmath.code.tex
(/nix/store/z04bvjdadj4kd7zihcwn0v44vkmyimf4-texlive-combined-full-2025-final-t
exmfdist/tex/generic/pgf/math/pgfmathutil.code.tex)
(/nix/store/z04bvjdadj4kd7zihcwn0v44vkmyimf4-texlive-combined-full-2025-final-t
exmfdist/tex/generic/pgf/math/pgfmathparser.code.tex)
(/nix/store/z04bvjdadj4kd7zihcwn0v44vkmyimf4-texlive-combined-full-2025-final-t
exmfdist/tex/generic/pgf/math/pgfmathfunctions.code.tex)
(/nix/store/z04bvjdadj4kd7zihcwn0v44vkmyimf4-texlive-combined-full-2025-final-t
exmfdist/tex/generic/pgf/math/pgfmathfunctions.basic.code.tex)
(/nix/store/z04bvjdadj4kd7zihcwn0v44vkmyimf4-texlive-combined-full-2025-final-t
exmfdist/tex/generic/pgf/math/pgfmathfunctions.trigonometric.code.tex)
(/nix/store/z04bvjdadj4kd7zihcwn0v44vkmyimf4-texlive-combined-full-2025-final-t
exmfdist/tex/generic/pgf/math/pgfmathfunctions.random.code.tex)
(/nix/store/z04bvjdadj4kd7zihcwn0v44vkmyimf4-texlive-combined-full-2025-final-t
exmfdist/tex/generic/pgf/math/pgfmathfunctions.comparison.code.tex)
(/nix/store/z04bvjdadj4kd7zihcwn0v44vkmyimf4-texlive-combined-full-2025-final-t
exmfdist/tex/generic/pgf/math/pgfmathfunctions.base.code.tex)
(/nix/store/z04bvjdadj4kd7zihcwn0v44vkmyimf4-texlive-combined-full-2025-final-t
exmfdist/tex/generic/pgf/math/pgfmathfunctions.round.code.tex)
(/nix/store/z04bvjdadj4kd7zihcwn0v44vkmyimf4-texlive-combined-full-2025-final-t
exmfdist/tex/generic/pgf/math/pgfmathfunctions.misc.code.tex)
(/nix/store/z04bvjdadj4kd7zihcwn0v44vkmyimf4-texlive-combined-full-2025-final-t
exmfdist/tex/generic/pgf/math/pgfmathfunctions.integerarithmetics.code.tex)
(/nix/store/z04bvjdadj4kd7zihcwn0v44vkmyimf4-texlive-combined-full-2025-final-t
exmfdist/tex/generic/pgf/math/pgfmathcalc.code.tex)
(/nix/store/z04bvjdadj4kd7zihcwn0v44vkmyimf4-texlive-combined-full-2025-final-t
exmfdist/tex/generic/pgf/math/pgfmathfloat.code.tex))
(/nix/store/z04bvjdadj4kd7zihcwn0v44vkmyimf4-texlive-combined-full-2025-final-t
exmfdist/tex/generic/pgf/math/pgfint.code.tex)
(/nix/store/z04bvjdadj4kd7zihcwn0v44vkmyimf4-texlive-combined-full-2025-final-t
exmfdist/tex/generic/pgf/basiclayer/pgfcorepoints.code.tex)
(/nix/store/z04bvjdadj4kd7zihcwn0v44vkmyimf4-texlive-combined-full-2025-final-t
exmfdist/tex/generic/pgf/basiclayer/pgfcorepathconstruct.code.tex)
(/nix/store/z04bvjdadj4kd7zihcwn0v44vkmyimf4-texlive-combined-full-2025-final-t
exmfdist/tex/generic/pgf/basiclayer/pgfcorepathusage.code.tex)
(/nix/store/z04bvjdadj4kd7zihcwn0v44vkmyimf4-texlive-combined-full-2025-final-t
exmfdist/tex/generic/pgf/basiclayer/pgfcorescopes.code.tex)
(/nix/store/z04bvjdadj4kd7zihcwn0v44vkmyimf4-texlive-combined-full-2025-final-t
exmfdist/tex/generic/pgf/basiclayer/pgfcoregraphicstate.code.tex)
(/nix/store/z04bvjdadj4kd7zihcwn0v44vkmyimf4-texlive-combined-full-2025-final-t
exmfdist/tex/generic/pgf/basiclayer/pgfcoretransformations.code.tex)
(/nix/store/z04bvjdadj4kd7zihcwn0v44vkmyimf4-texlive-combined-full-2025-final-t
exmfdist/tex/generic/pgf/basiclayer/pgfcorequick.code.tex)
(/nix/store/z04bvjdadj4kd7zihcwn0v44vkmyimf4-texlive-combined-full-2025-final-t
exmfdist/tex/generic/pgf/basiclayer/pgfcoreobjects.code.tex)
(/nix/store/z04bvjdadj4kd7zihcwn0v44vkmyimf4-texlive-combined-full-2025-final-t
exmfdist/tex/generic/pgf/basiclayer/pgfcorepathprocessing.code.tex)
(/nix/store/z04bvjdadj4kd7zihcwn0v44vkmyimf4-texlive-combined-full-2025-final-t
exmfdist/tex/generic/pgf/basiclayer/pgfcorearrows.code.tex)
(/nix/store/z04bvjdadj4kd7zihcwn0v44vkmyimf4-texlive-combined-full-2025-final-t
exmfdist/tex/generic/pgf/basiclayer/pgfcoreshade.code.tex)
(/nix/store/z04bvjdadj4kd7zihcwn0v44vkmyimf4-texlive-combined-full-2025-final-t
exmfdist/tex/generic/pgf/basiclayer/pgfcoreimage.code.tex)
(/nix/store/z04bvjdadj4kd7zihcwn0v44vkmyimf4-texlive-combined-full-2025-final-t
exmfdist/tex/generic/pgf/basiclayer/pgfcoreexternal.code.tex)
(/nix/store/z04bvjdadj4kd7zihcwn0v44vkmyimf4-texlive-combined-full-2025-final-t
exmfdist/tex/generic/pgf/basiclayer/pgfcorelayers.code.tex)
(/nix/store/z04bvjdadj4kd7zihcwn0v44vkmyimf4-texlive-combined-full-2025-final-t
exmfdist/tex/generic/pgf/basiclayer/pgfcoretransparency.code.tex)
(/nix/store/z04bvjdadj4kd7zihcwn0v44vkmyimf4-texlive-combined-full-2025-final-t
exmfdist/tex/generic/pgf/basiclayer/pgfcorepatterns.code.tex)
(/nix/store/z04bvjdadj4kd7zihcwn0v44vkmyimf4-texlive-combined-full-2025-final-t
exmfdist/tex/generic/pgf/basiclayer/pgfcorerdf.code.tex)))
(/nix/store/z04bvjdadj4kd7zihcwn0v44vkmyimf4-texlive-combined-full-2025-final-t
exmfdist/tex/generic/pgf/modules/pgfmoduleshapes.code.tex)
(/nix/store/z04bvjdadj4kd7zihcwn0v44vkmyimf4-texlive-combined-full-2025-final-t
exmfdist/tex/generic/pgf/modules/pgfmoduleplot.code.tex)
(/nix/store/z04bvjdadj4kd7zihcwn0v44vkmyimf4-texlive-combined-full-2025-final-t
exmfdist/tex/latex/pgf/compatibility/pgfcomp-version-0-65.sty)
(/nix/store/z04bvjdadj4kd7zihcwn0v44vkmyimf4-texlive-combined-full-2025-final-t
exmfdist/tex/latex/pgf/compatibility/pgfcomp-version-1-18.sty))
(/nix/store/z04bvjdadj4kd7zihcwn0v44vkmyimf4-texlive-combined-full-2025-final-t
exmfdist/tex/latex/pgf/utilities/pgffor.sty
(/nix/store/z04bvjdadj4kd7zihcwn0v44vkmyimf4-texlive-combined-full-2025-final-t
exmfdist/tex/latex/pgf/utilities/pgfkeys.sty
(/nix/store/z04bvjdadj4kd7zihcwn0v44vkmyimf4-texlive-combined-full-2025-final-t
exmfdist/tex/generic/pgf/utilities/pgfkeys.code.tex))
(/nix/store/z04bvjdadj4kd7zihcwn0v44vkmyimf4-texlive-combined-full-2025-final-t
exmfdist/tex/latex/pgf/math/pgfmath.sty
(/nix/store/z04bvjdadj4kd7zihcwn0v44vkmyimf4-texlive-combined-full-2025-final-t
exmfdist/tex/generic/pgf/math/pgfmath.code.tex))
(/nix/store/z04bvjdadj4kd7zihcwn0v44vkmyimf4-texlive-combined-full-2025-final-t
exmfdist/tex/generic/pgf/utilities/pgffor.code.tex))
(/nix/store/z04bvjdadj4kd7zihcwn0v44vkmyimf4-texlive-combined-full-2025-final-t
exmfdist/tex/generic/pgf/frontendlayer/tikz/tikz.code.tex
(/nix/store/z04bvjdadj4kd7zihcwn0v44vkmyimf4-texlive-combined-full-2025-final-t
exmfdist/tex/generic/pgf/libraries/pgflibraryplothandlers.code.tex)
(/nix/store/z04bvjdadj4kd7zihcwn0v44vkmyimf4-texlive-combined-full-2025-final-t
exmfdist/tex/generic/pgf/modules/pgfmodulematrix.code.tex)
(/nix/store/z04bvjdadj4kd7zihcwn0v44vkmyimf4-texlive-combined-full-2025-final-t
exmfdist/tex/generic/pgf/frontendlayer/tikz/libraries/tikzlibrarytopaths.code.t
ex)))
(/nix/store/z04bvjdadj4kd7zihcwn0v44vkmyimf4-texlive-combined-full-2025-final-t
exmfdist/tex/generic/pgf/frontendlayer/tikz/libraries/tikzlibrarycalc.code.tex)

(/nix/store/z04bvjdadj4kd7zihcwn0v44vkmyimf4-texlive-combined-full-2025-final-t
exmfdist/tex/generic/pgf/frontendlayer/tikz/libraries/tikzlibrarypositioning.co
de.tex)
(/nix/store/z04bvjdadj4kd7zihcwn0v44vkmyimf4-texlive-combined-full-2025-final-t
exmfdist/tex/generic/pgf/frontendlayer/tikz/libraries/tikzlibraryshapes.geometr
ic.code.tex
(/nix/store/z04bvjdadj4kd7zihcwn0v44vkmyimf4-texlive-combined-full-2025-final-t
exmfdist/tex/generic/pgf/libraries/shapes/pgflibraryshapes.geometric.code.tex))

(/nix/store/z04bvjdadj4kd7zihcwn0v44vkmyimf4-texlive-combined-full-2025-final-t
exmfdist/tex/generic/pgf/frontendlayer/tikz/libraries/tikzlibrarybackgrounds.co
de.tex)
(/nix/store/z04bvjdadj4kd7zihcwn0v44vkmyimf4-texlive-combined-full-2025-final-t
exmfdist/tex/generic/pgf/frontendlayer/tikz/libraries/tikzlibraryfadings.code.t
ex
(/nix/store/z04bvjdadj4kd7zihcwn0v44vkmyimf4-texlive-combined-full-2025-final-t
exmfdist/tex/generic/pgf/libraries/pgflibraryfadings.code.tex))
(/nix/store/z04bvjdadj4kd7zihcwn0v44vkmyimf4-texlive-combined-full-2025-final-t
exmfdist/tex/latex/tcolorbox/tcolorbox.sty
(/nix/store/z04bvjdadj4kd7zihcwn0v44vkmyimf4-texlive-combined-full-2025-final-t
exmfdist/tex/latex/tools/verbatim.sty)
(/nix/store/z04bvjdadj4kd7zihcwn0v44vkmyimf4-texlive-combined-full-2025-final-t
exmfdist/tex/latex/environ/environ.sty
(/nix/store/z04bvjdadj4kd7zihcwn0v44vkmyimf4-texlive-combined-full-2025-final-t
exmfdist/tex/latex/trimspaces/trimspaces.sty))
(/nix/store/z04bvjdadj4kd7zihcwn0v44vkmyimf4-texlive-combined-full-2025-final-t
exmfdist/tex/latex/etoolbox/etoolbox.sty)
(/nix/store/z04bvjdadj4kd7zihcwn0v44vkmyimf4-texlive-combined-full-2025-final-t
exmfdist/tex/latex/tcolorbox/tcbraster.code.tex
Library (tcolorbox): 'tcbraster.code.tex' version '6.9.0'
)
(/nix/store/z04bvjdadj4kd7zihcwn0v44vkmyimf4-texlive-combined-full-2025-final-t
exmfdist/tex/latex/tcolorbox/tcbskins.code.tex
Library (tcolorbox): 'tcbskins.code.tex' version '6.9.0'

(/nix/store/z04bvjdadj4kd7zihcwn0v44vkmyimf4-texlive-combined-full-2025-final-t
exmfdist/tex/latex/tikzfill/tikzfill.image.sty
(/nix/store/z04bvjdadj4kd7zihcwn0v44vkmyimf4-texlive-combined-full-2025-final-t
exmfdist/tex/latex/tikzfill/tikzfill-common.sty)
(/nix/store/z04bvjdadj4kd7zihcwn0v44vkmyimf4-texlive-combined-full-2025-final-t
exmfdist/tex/latex/tikzfill/tikzlibraryfill.image.code.tex))
(/nix/store/z04bvjdadj4kd7zihcwn0v44vkmyimf4-texlive-combined-full-2025-final-t
exmfdist/tex/latex/tcolorbox/tcbskinsjigsaw.code.tex
Library (tcolorbox): 'tcbskinsjigsaw.code.tex' version '6.9.0'
))
(/nix/store/z04bvjdadj4kd7zihcwn0v44vkmyimf4-texlive-combined-full-2025-final-t
exmfdist/tex/latex/tcolorbox/tcbbreakable.code.tex
Library (tcolorbox): 'tcbbreakable.code.tex' version '6.9.0'

(/nix/store/z04bvjdadj4kd7zihcwn0v44vkmyimf4-texlive-combined-full-2025-final-t
exmfdist/tex/latex/pdfcol/pdfcol.sty
(/nix/store/z04bvjdadj4kd7zihcwn0v44vkmyimf4-texlive-combined-full-2025-final-t
exmfdist/tex/generic/ltxcmds/ltxcmds.sty)
(/nix/store/z04bvjdadj4kd7zihcwn0v44vkmyimf4-texlive-combined-full-2025-final-t
exmfdist/tex/generic/infwarerr/infwarerr.sty)))
(/nix/store/z04bvjdadj4kd7zihcwn0v44vkmyimf4-texlive-combined-full-2025-final-t
exmfdist/tex/latex/tcolorbox/tcbhooks.code.tex
Library (tcolorbox): 'tcbhooks.code.tex' version '6.9.0'
)
(/nix/store/z04bvjdadj4kd7zihcwn0v44vkmyimf4-texlive-combined-full-2025-final-t
exmfdist/tex/latex/tcolorbox/tcbtheorems.code.tex
Library (tcolorbox): 'tcbtheorems.code.tex' version '6.9.0'

(/nix/store/z04bvjdadj4kd7zihcwn0v44vkmyimf4-texlive-combined-full-2025-final-t
exmfdist/tex/latex/amsmath/amsmath.sty
For additional information on amsmath, use the `?' option.

(/nix/store/z04bvjdadj4kd7zihcwn0v44vkmyimf4-texlive-combined-full-2025-final-t
exmfdist/tex/latex/amsmath/amstext.sty
(/nix/store/z04bvjdadj4kd7zihcwn0v44vkmyimf4-texlive-combined-full-2025-final-t
exmfdist/tex/latex/amsmath/amsgen.sty))
(/nix/store/z04bvjdadj4kd7zihcwn0v44vkmyimf4-texlive-combined-full-2025-final-t
exmfdist/tex/latex/amsmath/amsbsy.sty)
(/nix/store/z04bvjdadj4kd7zihcwn0v44vkmyimf4-texlive-combined-full-2025-final-t
exmfdist/tex/latex/amsmath/amsopn.sty)))
(/nix/store/z04bvjdadj4kd7zihcwn0v44vkmyimf4-texlive-combined-full-2025-final-t
exmfdist/tex/latex/tcolorbox/tcbfitting.code.tex
Library (tcolorbox): 'tcbfitting.code.tex' version '6.9.0'
)
(/nix/store/z04bvjdadj4kd7zihcwn0v44vkmyimf4-texlive-combined-full-2025-final-t
exmfdist/tex/latex/tcolorbox/tcblistingsutf8.code.tex
Library (tcolorbox): 'tcblistingsutf8.code.tex' version '6.9.0'

(/nix/store/z04bvjdadj4kd7zihcwn0v44vkmyimf4-texlive-combined-full-2025-final-t
exmfdist/tex/latex/tcolorbox/tcblistings.code.tex
Library (tcolorbox): 'tcblistings.code.tex' version '6.9.0'

(/nix/store/z04bvjdadj4kd7zihcwn0v44vkmyimf4-texlive-combined-full-2025-final-t
exmfdist/tex/latex/listings/listings.sty
(/nix/store/z04bvjdadj4kd7zihcwn0v44vkmyimf4-texlive-combined-full-2025-final-t
exmfdist/tex/latex/listings/lstpatch.sty)
(/nix/store/z04bvjdadj4kd7zihcwn0v44vkmyimf4-texlive-combined-full-2025-final-t
exmfdist/tex/latex/listings/lstmisc.sty)
(/nix/store/z04bvjdadj4kd7zihcwn0v44vkmyimf4-texlive-combined-full-2025-final-t
exmfdist/tex/latex/listings/listings.cfg))
==> First Aid for listings.sty no longer applied!
    Expected:
        2024/09/23 1.10c (Carsten Heinz)
    but found:
        2025/11/14 1.11b (Carsten Heinz)
    so I'm assuming it got fixed.

(/nix/store/z04bvjdadj4kd7zihcwn0v44vkmyimf4-texlive-combined-full-2025-final-t
exmfdist/tex/latex/tcolorbox/tcblistingscore.code.tex
Library (tcolorbox): 'tcblistingscore.code.tex' version '6.9.0'

(/nix/store/z04bvjdadj4kd7zihcwn0v44vkmyimf4-texlive-combined-full-2025-final-t
exmfdist/tex/latex/tcolorbox/tcbprocessing.code.tex
Library (tcolorbox): 'tcbprocessing.code.tex' version '6.9.0'
)))
(/nix/store/z04bvjdadj4kd7zihcwn0v44vkmyimf4-texlive-combined-full-2025-final-t
exmfdist/tex/latex/listingsutf8/listingsutf8.sty
(/nix/store/z04bvjdadj4kd7zihcwn0v44vkmyimf4-texlive-combined-full-2025-final-t
exmfdist/tex/generic/pdftexcmds/pdftexcmds.sty)
(/nix/store/z04bvjdadj4kd7zihcwn0v44vkmyimf4-texlive-combined-full-2025-final-t
exmfdist/tex/generic/stringenc/stringenc.sty
(/nix/store/z04bvjdadj4kd7zihcwn0v44vkmyimf4-texlive-combined-full-2025-final-t
exmfdist/tex/generic/pdfescape/pdfescape.sty))))
(/nix/store/z04bvjdadj4kd7zihcwn0v44vkmyimf4-texlive-combined-full-2025-final-t
exmfdist/tex/latex/tcolorbox/tcbexternal.code.tex
Library (tcolorbox): 'tcbexternal.code.tex' version '6.9.0'
)
(/nix/store/z04bvjdadj4kd7zihcwn0v44vkmyimf4-texlive-combined-full-2025-final-t
exmfdist/tex/latex/tcolorbox/tcbmagazine.code.tex
Library (tcolorbox): 'tcbmagazine.code.tex' version '6.9.0'
)
(/nix/store/z04bvjdadj4kd7zihcwn0v44vkmyimf4-texlive-combined-full-2025-final-t
exmfdist/tex/latex/tcolorbox/tcbvignette.code.tex
Library (tcolorbox): 'tcbvignette.code.tex' version '6.9.0'
)
(/nix/store/z04bvjdadj4kd7zihcwn0v44vkmyimf4-texlive-combined-full-2025-final-t
exmfdist/tex/latex/tcolorbox/tcbposter.code.tex
Library (tcolorbox): 'tcbposter.code.tex' version '6.9.0'
))
(/nix/store/z04bvjdadj4kd7zihcwn0v44vkmyimf4-texlive-combined-full-2025-final-t
exmfdist/tex/latex/qrcode/qrcode.sty)
(/nix/store/z04bvjdadj4kd7zihcwn0v44vkmyimf4-texlive-combined-full-2025-final-t
exmfdist/tex/latex/ragged2e/ragged2e.sty)
(/nix/store/z04bvjdadj4kd7zihcwn0v44vkmyimf4-texlive-combined-full-2025-final-t
exmfdist/tex/latex/fontawesome5/fontawesome5.sty
(/nix/store/z04bvjdadj4kd7zihcwn0v44vkmyimf4-texlive-combined-full-2025-final-t
exmfdist/tex/latex/l3kernel/expl3.sty
(/nix/store/z04bvjdadj4kd7zihcwn0v44vkmyimf4-texlive-combined-full-2025-final-t
exmfdist/tex/latex/l3backend/l3backend-pdftex.def))
(/nix/store/z04bvjdadj4kd7zihcwn0v44vkmyimf4-texlive-combined-full-2025-final-t
exmfdist/tex/latex/l3packages/l3keys2e/l3keys2e.sty)
(/nix/store/z04bvjdadj4kd7zihcwn0v44vkmyimf4-texlive-combined-full-2025-final-t
exmfdist/tex/latex/l3packages/xparse/xparse.sty)
(/nix/store/z04bvjdadj4kd7zihcwn0v44vkmyimf4-texlive-combined-full-2025-final-t
exmfdist/tex/latex/fontawesome5/fontawesome5-generic-helper.sty
(/nix/store/z04bvjdadj4kd7zihcwn0v44vkmyimf4-texlive-combined-full-2025-final-t
exmfdist/tex/latex/fontawesome5/fontawesome5-mapping.def)))
(/nix/store/z04bvjdadj4kd7zihcwn0v44vkmyimf4-texlive-combined-full-2025-final-t
exmfdist/tex/latex/fira/T1FiraSans-OsF.fd) (./juliacon2026_poster.aux
<Reading QR code for "https://github.com/abcsds/HeartRateLab.jl" at level 3-M f
rom aux file.>
)
*geometry* driver: auto-detecting
*geometry* detected driver: pdftex

(/nix/store/z04bvjdadj4kd7zihcwn0v44vkmyimf4-texlive-combined-full-2025-final-t
exmfdist/tex/context/base/mkii/supp-pdf.mkii
[Loading MPS to PDF converter (version 2006.09.02).]
)
(/nix/store/z04bvjdadj4kd7zihcwn0v44vkmyimf4-texlive-combined-full-2025-final-t
exmfdist/tex/latex/epstopdf-pkg/epstopdf-base.sty
(/nix/store/z04bvjdadj4kd7zihcwn0v44vkmyimf4-texlive-combined-full-2025-final-t
exmfdist/tex/latex/latexconfig/epstopdf-sys.cfg))


<QR code requested for "https://github.com/abcsds/HeartRateLab.jl" in version 0
-M.>

<Copying the QR code for "https://github.com/abcsds/HeartRateLab.jl" in version
 3-M as previously calculated.>

Underfull \hbox (badness 10000) in paragraph at lines 215--216


(/nix/store/z04bvjdadj4kd7zihcwn0v44vkmyimf4-texlive-combined-full-2025-final-t
exmfdist/tex/latex/fira/TS1FiraSans-OsF.fd)

LaTeX Font Warning: Font shape `OT1/cmr/m/n' in size <35.83> not available
(Font)              size <24.88> substituted on input line 298.


LaTeX Font Warning: Font shape `OT1/cmr/m/n' in size <17.915> not available
(Font)              size <17.28> substituted on input line 298.


LaTeX Font Warning: Font shape `OML/cmm/m/it' in size <35.83> not available
(Font)              size <24.88> substituted on input line 298.


LaTeX Font Warning: Font shape `OML/cmm/m/it' in size <17.915> not available
(Font)              size <17.28> substituted on input line 298.


LaTeX Font Warning: Font shape `OMS/cmsy/m/n' in size <35.83> not available
(Font)              size <24.88> substituted on input line 298.


LaTeX Font Warning: Font shape `OMS/cmsy/m/n' in size <17.915> not available
(Font)              size <17.28> substituted on input line 298.


LaTeX Font Warning: Font shape `OMX/cmex/m/n' in size <35.83> not available
(Font)              size <24.88> substituted on input line 298.


LaTeX Font Warning: Font shape `OMX/cmex/m/n' in size <17.915> not available
(Font)              size <17.28> substituted on input line 298.


(/nix/store/z04bvjdadj4kd7zihcwn0v44vkmyimf4-texlive-combined-full-2025-final-t
exmfdist/tex/latex/fontawesome5/ufontawesomebrands0.fd) [1{/nix/store/z22g7l2ia
raqc2jxdjjrnd0wvm8w8xz4-texlive-combined-full-2025-final/share/texmf-var/fonts/
map/pdftex/updmap/pdftex.map}{/nix/store/z04bvjdadj4kd7zihcwn0v44vkmyimf4-texli
ve-combined-full-2025-final-texmfdist/fonts/enc/dvips/fira/fir_iln36p.enc}{/nix
/store/z04bvjdadj4kd7zihcwn0v44vkmyimf4-texlive-combined-full-2025-final-texmfd
ist/fonts/enc/dvips/cm-super/cm-super-t1.enc}{/nix/store/z04bvjdadj4kd7zihcwn0v
44vkmyimf4-texlive-combined-full-2025-final-texmfdist/fonts/enc/dvips/fira/fir_
d67aat.enc}{/nix/store/z04bvjdadj4kd7zihcwn0v44vkmyimf4-texlive-combined-full-2
025-final-texmfdist/fonts/enc/dvips/fontawesome5/fa5brands0.enc} <./figs/betwee
n_dataset_kde.png> <./figs/hero_participant_vs_normative.png> <./figs/lfhf_over
_time.png> <./figs/rmssd_over_time.png>] (./juliacon2026_poster.aux
<Reading QR code for "https://github.com/abcsds/HeartRateLab.jl" at level 3-M f
rom aux file.>
)

LaTeX Font Warning: Size substitutions with differences
(Font)              up to 10.95pt have occurred.

 )
(see the transcript file for additional information)</nix/store/z04bvjdadj4kd7z
ihcwn0v44vkmyimf4-texlive-combined-full-2025-final-texmfdist/fonts/type1/public
/fira/FiraSans-Bold.pfb></nix/store/z04bvjdadj4kd7zihcwn0v44vkmyimf4-texlive-co
mbined-full-2025-final-texmfdist/fonts/type1/public/fira/FiraSans-BoldItalic.pf
b></nix/store/z04bvjdadj4kd7zihcwn0v44vkmyimf4-texlive-combined-full-2025-final
-texmfdist/fonts/type1/public/fira/FiraSans-Italic.pfb></nix/store/z04bvjdadj4k
d7zihcwn0v44vkmyimf4-texlive-combined-full-2025-final-texmfdist/fonts/type1/pub
lic/fira/FiraSans-Regular.pfb></nix/store/z04bvjdadj4kd7zihcwn0v44vkmyimf4-texl
ive-combined-full-2025-final-texmfdist/fonts/type1/public/fontawesome5/FontAwes
ome5Brands-Regular.pfb></nix/store/z04bvjdadj4kd7zihcwn0v44vkmyimf4-texlive-com
bined-full-2025-final-texmfdist/fonts/type1/public/amsfonts/cm/cmmi12.pfb></nix
/store/z04bvjdadj4kd7zihcwn0v44vkmyimf4-texlive-combined-full-2025-final-texmfd
ist/fonts/type1/public/amsfonts/cm/cmr12.pfb></nix/store/z04bvjdadj4kd7zihcwn0v
44vkmyimf4-texlive-combined-full-2025-final-texmfdist/fonts/type1/public/amsfon
ts/cm/cmr17.pfb></nix/store/z04bvjdadj4kd7zihcwn0v44vkmyimf4-texlive-combined-f
ull-2025-final-texmfdist/fonts/type1/public/amsfonts/cm/cmsy10.pfb></nix/store/
z04bvjdadj4kd7zihcwn0v44vkmyimf4-texlive-combined-full-2025-final-texmfdist/fon
ts/type1/public/cm-super/sftt1440.pfb></nix/store/z04bvjdadj4kd7zihcwn0v44vkmyi
mf4-texlive-combined-full-2025-final-texmfdist/fonts/type1/public/cm-super/sftt
1728.pfb></nix/store/z04bvjdadj4kd7zihcwn0v44vkmyimf4-texlive-combined-full-202
5-final-texmfdist/fonts/type1/public/cm-super/sftt2074.pfb>
Output written on juliacon2026_poster.pdf (1 page, 992377 bytes).
Transcript written on juliacon2026_poster.log.
