This is pdfTeX, Version 3.141592653-2.6-1.40.27 (TeX Live 2025/nixos.org) (preloaded format=pdflatex 1980.1.1)  5 AUG 2026 16:05
entering extended mode
 restricted \write18 enabled.
 %&-line parsing enabled.
**juliacon2026_poster.tex
(./juliacon2026_poster.tex
LaTeX2e <2025-11-01>
L3 programming layer <2026-01-19>

(/nix/store/z04bvjdadj4kd7zihcwn0v44vkmyimf4-texlive-combined-full-2025-final-t
exmfdist/tex/latex/koma-script/scrartcl.cls
Document Class: scrartcl 2026/02/02 v3.49.2 KOMA-Script document class (article
)

(/nix/store/z04bvjdadj4kd7zihcwn0v44vkmyimf4-texlive-combined-full-2025-final-t
exmfdist/tex/latex/koma-script/scrkbase.sty
Package: scrkbase 2026/02/02 v3.49.2 KOMA-Script package (KOMA-Script-dependent
 basics and keyval usage)

(/nix/store/z04bvjdadj4kd7zihcwn0v44vkmyimf4-texlive-combined-full-2025-final-t
exmfdist/tex/latex/koma-script/scrbase.sty
Package: scrbase 2026/02/02 v3.49.2 KOMA-Script package (KOMA-Script-independen
t basics and keyval usage)

(/nix/store/z04bvjdadj4kd7zihcwn0v44vkmyimf4-texlive-combined-full-2025-final-t
exmfdist/tex/latex/koma-script/scrlfile.sty
Package: scrlfile 2026/02/02 v3.49.2 KOMA-Script package (file load hooks)

(/nix/store/z04bvjdadj4kd7zihcwn0v44vkmyimf4-texlive-combined-full-2025-final-t
exmfdist/tex/latex/koma-script/scrlfile-hook.sty
Package: scrlfile-hook 2026/02/02 v3.49.2 KOMA-Script package (using LaTeX hook
s)

(/nix/store/z04bvjdadj4kd7zihcwn0v44vkmyimf4-texlive-combined-full-2025-final-t
exmfdist/tex/latex/koma-script/scrlogo.sty
Package: scrlogo 2026/02/02 v3.49.2 KOMA-Script package (logo)
)))
(/nix/store/z04bvjdadj4kd7zihcwn0v44vkmyimf4-texlive-combined-full-2025-final-t
exmfdist/tex/latex/graphics/keyval.sty
Package: keyval 2022/05/29 v1.15 key=value parser (DPC)
\KV@toks@=\toks17
)
Applying: [2021/05/01] Usage of raw or classic option list on input line 254.
Already applied: [0000/00/00] Usage of raw or classic option list on input line
 370.
))
(/nix/store/z04bvjdadj4kd7zihcwn0v44vkmyimf4-texlive-combined-full-2025-final-t
exmfdist/tex/latex/koma-script/tocbasic.sty
Package: tocbasic 2026/02/02 v3.49.2 KOMA-Script package (handling toc-files)
\scr@dte@tocline@numberwidth=\skip49
\scr@dte@tocline@numbox=\box53
)
Package tocbasic Info: omitting babel extension for `toc'
(tocbasic)             because of feature `nobabel' available
(tocbasic)             for `toc' on input line 141.
Class scrartcl Info: File `size20.clo' used to setup font sizes on input line 2
489.

(/nix/store/z04bvjdadj4kd7zihcwn0v44vkmyimf4-texlive-combined-full-2025-final-t
exmfdist/tex/latex/extsizes/size20.clo
File: size20.clo 1999/11/11 NON-Standard LaTeX file (size option)
)
(/nix/store/z04bvjdadj4kd7zihcwn0v44vkmyimf4-texlive-combined-full-2025-final-t
exmfdist/tex/latex/koma-script/typearea.sty
Package: typearea 2026/02/02 v3.49.2 KOMA-Script package (type area)
\ta@bcor=\skip50
\ta@div=\count275
\ta@hblk=\skip51
\ta@vblk=\skip52
\ta@temp=\skip53
\footheight=\skip54


Package typearea Warning: DIV for 20.0pt and used papersize
(typearea)                not defined!
(typearea)                Using DIV=calc.


Package typearea Info: DIV calculation for classic typearea. on input line 1810
.

Package typearea Info: Maybe no optimal type area settings!
(typearea)             The detected line width is about 27%
(typearea)             smaller than the heuristically estimated maximum
(typearea)             limit of typographical good line width.
(typearea)             You could e.g. increase DIV, decrease fontsize
(typearea)             or change the papersize.
Package typearea Info: These are the values describing the layout:
(typearea)             DIV  = 12
(typearea)             BCOR = 0.0pt
(typearea)             \paperwidth      = 597.50793pt
(typearea)              \textwidth      = 448.13095pt
(typearea)              DIV departure   = 27%
(typearea)              \evensidemargin = 2.4185pt
(typearea)              \oddsidemargin  = 2.4185pt
(typearea)             \paperheight     = 845.04694pt
(typearea)              \textheight     = 645.0pt
(typearea)              \topmargin      = -70.59941pt
(typearea)              \headheight     = 31.25pt
(typearea)              \headsep        = 37.5pt
(typearea)              \topskip        = 20.0pt
(typearea)              \footskip       = 87.5pt
(typearea)              \baselineskip   = 25.0pt
(typearea)              on input line 1810.
)
\c@part=\count276
\c@section=\count277
\c@subsection=\count278
\c@subsubsection=\count279
\c@paragraph=\count280
\c@subparagraph=\count281
\scr@dte@section@maxnumwidth=\skip55
Class scrartcl Info: using compatibility default `runin=bysign'
(scrartcl)           for `\section on input line 5015.
Class scrartcl Info: using compatibility default `afterindent=bysign'
(scrartcl)           for `\section on input line 5015.
\scr@dte@part@maxnumwidth=\skip56
Class scrartcl Info: using compatibility default `afterindent=false'
(scrartcl)           for `\part on input line 5023.
\scr@dte@subsection@maxnumwidth=\skip57
Class scrartcl Info: using compatibility default `runin=bysign'
(scrartcl)           for `\subsection on input line 5033.
Class scrartcl Info: using compatibility default `afterindent=bysign'
(scrartcl)           for `\subsection on input line 5033.
\scr@dte@subsubsection@maxnumwidth=\skip58
Class scrartcl Info: using compatibility default `runin=bysign'
(scrartcl)           for `\subsubsection on input line 5043.
Class scrartcl Info: using compatibility default `afterindent=bysign'
(scrartcl)           for `\subsubsection on input line 5043.
\scr@dte@paragraph@maxnumwidth=\skip59
Class scrartcl Info: using compatibility default `runin=bysign'
(scrartcl)           for `\paragraph on input line 5054.
Class scrartcl Info: using compatibility default `afterindent=bysign'
(scrartcl)           for `\paragraph on input line 5054.
\scr@dte@subparagraph@maxnumwidth=\skip60
Class scrartcl Info: using compatibility default `runin=bysign'
(scrartcl)           for `\subparagraph on input line 5064.
Class scrartcl Info: using compatibility default `afterindent=bysign'
(scrartcl)           for `\subparagraph on input line 5064.
\abovecaptionskip=\skip61
\belowcaptionskip=\skip62
\c@pti@nb@sid@b@x=\box54
Package tocbasic Info: omitting babel extension for `lof'
(tocbasic)             because of feature `nobabel' available
(tocbasic)             for `lof' on input line 6287.
\scr@dte@figure@maxnumwidth=\skip63
\c@figure=\count282
Package tocbasic Info: omitting babel extension for `lot'
(tocbasic)             because of feature `nobabel' available
(tocbasic)             for `lot' on input line 6299.
\scr@dte@table@maxnumwidth=\skip64
\c@table=\count283
Class scrartcl Info: Redefining `\numberline' on input line 6469.
\bibindent=\dimen148
)
(/nix/store/z04bvjdadj4kd7zihcwn0v44vkmyimf4-texlive-combined-full-2025-final-t
exmfdist/tex/latex/base/fontenc.sty
Package: fontenc 2025/07/18 v2.1d Standard LaTeX package
)
(/nix/store/z04bvjdadj4kd7zihcwn0v44vkmyimf4-texlive-combined-full-2025-final-t
exmfdist/tex/latex/base/inputenc.sty
Package: inputenc 2024/02/08 v1.3d Input encoding file
\inpenc@prehook=\toks18
\inpenc@posthook=\toks19
)
(/nix/store/z04bvjdadj4kd7zihcwn0v44vkmyimf4-texlive-combined-full-2025-final-t
exmfdist/tex/latex/fira/FiraSans.sty
Package: FiraSans 2022/09/17 (Bob Tennent and autoinst) Style file for Fira San
s fonts.

(/nix/store/z04bvjdadj4kd7zihcwn0v44vkmyimf4-texlive-combined-full-2025-final-t
exmfdist/tex/generic/iftex/ifxetex.sty
Package: ifxetex 2019/10/25 v0.7 ifxetex legacy package. Use iftex instead.

(/nix/store/z04bvjdadj4kd7zihcwn0v44vkmyimf4-texlive-combined-full-2025-final-t
exmfdist/tex/generic/iftex/iftex.sty
Package: iftex 2024/12/12 v1.0g TeX engine tests
))
(/nix/store/z04bvjdadj4kd7zihcwn0v44vkmyimf4-texlive-combined-full-2025-final-t
exmfdist/tex/generic/iftex/ifluatex.sty
Package: ifluatex 2019/10/25 v1.5 ifluatex legacy package. Use iftex instead.
)
(/nix/store/z04bvjdadj4kd7zihcwn0v44vkmyimf4-texlive-combined-full-2025-final-t
exmfdist/tex/latex/xkeyval/xkeyval.sty
Package: xkeyval 2025/11/04 v2.10 package option processing (HA)

(/nix/store/z04bvjdadj4kd7zihcwn0v44vkmyimf4-texlive-combined-full-2025-final-t
exmfdist/tex/generic/xkeyval/xkeyval.tex
(/nix/store/z04bvjdadj4kd7zihcwn0v44vkmyimf4-texlive-combined-full-2025-final-t
exmfdist/tex/generic/xkeyval/xkvutils.tex
\XKV@toks=\toks20
\XKV@tempa@toks=\toks21
\XKV@tempb@toks=\toks22
)
\XKV@depth=\count284
File: xkeyval.tex 2014/12/03 v2.7a key=value parser (HA)
))
(/nix/store/z04bvjdadj4kd7zihcwn0v44vkmyimf4-texlive-combined-full-2025-final-t
exmfdist/tex/latex/base/textcomp.sty
Package: textcomp 2024/04/24 v2.1b Standard LaTeX package
)
(/nix/store/z04bvjdadj4kd7zihcwn0v44vkmyimf4-texlive-combined-full-2025-final-t
exmfdist/tex/latex/fontaxes/fontaxes.sty
Package: fontaxes 2026-01-02 v2.0.2 Font selection axes (deprecated)
Applying: [2024-11-01] Use figureversions if present on input line 74.

(/nix/store/z04bvjdadj4kd7zihcwn0v44vkmyimf4-texlive-combined-full-2025-final-t
exmfdist/tex/latex/figureversions/figureversions.sty
Package: figureversions 2025-04-29 v1.0.1 Figure versions
)
Already applied: [0000-00-00] Fall back to v1 on input line 76.
))
(/nix/store/z04bvjdadj4kd7zihcwn0v44vkmyimf4-texlive-combined-full-2025-final-t
exmfdist/tex/latex/geometry/geometry.sty
Package: geometry 2020/01/02 v5.9 Page Geometry

(/nix/store/z04bvjdadj4kd7zihcwn0v44vkmyimf4-texlive-combined-full-2025-final-t
exmfdist/tex/generic/iftex/ifvtex.sty
Package: ifvtex 2019/10/25 v1.7 ifvtex legacy package. Use iftex instead.
)
\Gm@cnth=\count285
\Gm@cntv=\count286
\c@Gm@tempcnt=\count287
\Gm@bindingoffset=\dimen149
\Gm@wd@mp=\dimen150
\Gm@odd@mp=\dimen151
\Gm@even@mp=\dimen152
\Gm@layoutwidth=\dimen153
\Gm@layoutheight=\dimen154
\Gm@layouthoffset=\dimen155
\Gm@layoutvoffset=\dimen156
\Gm@dimlist=\toks23
)
(/nix/store/z04bvjdadj4kd7zihcwn0v44vkmyimf4-texlive-combined-full-2025-final-t
exmfdist/tex/latex/pgf/frontendlayer/tikz.sty
(/nix/store/z04bvjdadj4kd7zihcwn0v44vkmyimf4-texlive-combined-full-2025-final-t
exmfdist/tex/latex/pgf/basiclayer/pgf.sty
(/nix/store/z04bvjdadj4kd7zihcwn0v44vkmyimf4-texlive-combined-full-2025-final-t
exmfdist/tex/latex/pgf/utilities/pgfrcs.sty
(/nix/store/z04bvjdadj4kd7zihcwn0v44vkmyimf4-texlive-combined-full-2025-final-t
exmfdist/tex/generic/pgf/utilities/pgfutil-common.tex
\pgfutil@everybye=\toks24
\pgfutil@tempdima=\dimen157
\pgfutil@tempdimb=\dimen158
)
(/nix/store/z04bvjdadj4kd7zihcwn0v44vkmyimf4-texlive-combined-full-2025-final-t
exmfdist/tex/generic/pgf/utilities/pgfutil-latex.def
\pgfutil@abb=\box55
)
(/nix/store/z04bvjdadj4kd7zihcwn0v44vkmyimf4-texlive-combined-full-2025-final-t
exmfdist/tex/generic/pgf/utilities/pgfrcs.code.tex
(/nix/store/z04bvjdadj4kd7zihcwn0v44vkmyimf4-texlive-combined-full-2025-final-t
exmfdist/tex/generic/pgf/pgf.revision.tex)
Package: pgfrcs 2025-08-29 v3.1.11a (3.1.11a)
))
Package: pgf 2025-08-29 v3.1.11a (3.1.11a)

(/nix/store/z04bvjdadj4kd7zihcwn0v44vkmyimf4-texlive-combined-full-2025-final-t
exmfdist/tex/latex/pgf/basiclayer/pgfcore.sty
(/nix/store/z04bvjdadj4kd7zihcwn0v44vkmyimf4-texlive-combined-full-2025-final-t
exmfdist/tex/latex/graphics/graphicx.sty
Package: graphicx 2024/12/31 v1.2e Enhanced LaTeX Graphics (DPC,SPQR)

(/nix/store/z04bvjdadj4kd7zihcwn0v44vkmyimf4-texlive-combined-full-2025-final-t
exmfdist/tex/latex/graphics/graphics.sty
Package: graphics 2024/08/06 v1.4g Standard LaTeX Graphics (DPC,SPQR)

(/nix/store/z04bvjdadj4kd7zihcwn0v44vkmyimf4-texlive-combined-full-2025-final-t
exmfdist/tex/latex/graphics/trig.sty
Package: trig 2023/12/02 v1.11 sin cos tan (DPC)
)
(/nix/store/z04bvjdadj4kd7zihcwn0v44vkmyimf4-texlive-combined-full-2025-final-t
exmfdist/tex/latex/graphics-cfg/graphics.cfg
File: graphics.cfg 2016/06/04 v1.11 sample graphics configuration
)
Package graphics Info: Driver file: pdftex.def on input line 106.

(/nix/store/z04bvjdadj4kd7zihcwn0v44vkmyimf4-texlive-combined-full-2025-final-t
exmfdist/tex/latex/graphics-def/pdftex.def
File: pdftex.def 2025/09/29 v1.2d Graphics/color driver for pdftex
))
\Gin@req@height=\dimen159
\Gin@req@width=\dimen160
)
(/nix/store/z04bvjdadj4kd7zihcwn0v44vkmyimf4-texlive-combined-full-2025-final-t
exmfdist/tex/latex/pgf/systemlayer/pgfsys.sty
(/nix/store/z04bvjdadj4kd7zihcwn0v44vkmyimf4-texlive-combined-full-2025-final-t
exmfdist/tex/generic/pgf/systemlayer/pgfsys.code.tex
Package: pgfsys 2025-08-29 v3.1.11a (3.1.11a)

(/nix/store/z04bvjdadj4kd7zihcwn0v44vkmyimf4-texlive-combined-full-2025-final-t
exmfdist/tex/generic/pgf/utilities/pgfkeys.code.tex
\pgfkeys@pathtoks=\toks25
\pgfkeys@temptoks=\toks26

(/nix/store/z04bvjdadj4kd7zihcwn0v44vkmyimf4-texlive-combined-full-2025-final-t
exmfdist/tex/generic/pgf/utilities/pgfkeyslibraryfiltered.code.tex
\pgfkeys@tmptoks=\toks27
))
\pgf@x=\dimen161
\pgf@y=\dimen162
\pgf@xa=\dimen163
\pgf@ya=\dimen164
\pgf@xb=\dimen165
\pgf@yb=\dimen166
\pgf@xc=\dimen167
\pgf@yc=\dimen168
\pgf@xd=\dimen169
\pgf@yd=\dimen170
\w@pgf@writea=\write3
\r@pgf@reada=\read2
\c@pgf@counta=\count288
\c@pgf@countb=\count289
\c@pgf@countc=\count290
\c@pgf@countd=\count291
\t@pgf@toka=\toks28
\t@pgf@tokb=\toks29
\t@pgf@tokc=\toks30
\pgf@sys@id@count=\count292

(/nix/store/z04bvjdadj4kd7zihcwn0v44vkmyimf4-texlive-combined-full-2025-final-t
exmfdist/tex/generic/pgf/systemlayer/pgf.cfg
File: pgf.cfg 2025-08-29 v3.1.11a (3.1.11a)
)
Driver file for pgf: pgfsys-pdftex.def

(/nix/store/z04bvjdadj4kd7zihcwn0v44vkmyimf4-texlive-combined-full-2025-final-t
exmfdist/tex/generic/pgf/systemlayer/pgfsys-pdftex.def
File: pgfsys-pdftex.def 2025-08-29 v3.1.11a (3.1.11a)

(/nix/store/z04bvjdadj4kd7zihcwn0v44vkmyimf4-texlive-combined-full-2025-final-t
exmfdist/tex/generic/pgf/systemlayer/pgfsys-common-pdf.def
File: pgfsys-common-pdf.def 2025-08-29 v3.1.11a (3.1.11a)
)))
(/nix/store/z04bvjdadj4kd7zihcwn0v44vkmyimf4-texlive-combined-full-2025-final-t
exmfdist/tex/generic/pgf/systemlayer/pgfsyssoftpath.code.tex
File: pgfsyssoftpath.code.tex 2025-08-29 v3.1.11a (3.1.11a)
\pgfsyssoftpath@smallbuffer@items=\count293
\pgfsyssoftpath@bigbuffer@items=\count294
)
(/nix/store/z04bvjdadj4kd7zihcwn0v44vkmyimf4-texlive-combined-full-2025-final-t
exmfdist/tex/generic/pgf/systemlayer/pgfsysprotocol.code.tex
File: pgfsysprotocol.code.tex 2025-08-29 v3.1.11a (3.1.11a)
))
(/nix/store/z04bvjdadj4kd7zihcwn0v44vkmyimf4-texlive-combined-full-2025-final-t
exmfdist/tex/latex/xcolor/xcolor.sty
Package: xcolor 2024/09/29 v3.02 LaTeX color extensions (UK)

(/nix/store/z04bvjdadj4kd7zihcwn0v44vkmyimf4-texlive-combined-full-2025-final-t
exmfdist/tex/latex/graphics-cfg/color.cfg
File: color.cfg 2016/01/02 v1.6 sample color configuration
)
Package xcolor Info: Driver file: pdftex.def on input line 274.

(/nix/store/z04bvjdadj4kd7zihcwn0v44vkmyimf4-texlive-combined-full-2025-final-t
exmfdist/tex/latex/graphics/mathcolor.ltx)
Package xcolor Info: Model `cmy' substituted by `cmy0' on input line 1349.
Package xcolor Info: Model `hsb' substituted by `rgb' on input line 1353.
Package xcolor Info: Model `RGB' extended on input line 1365.
Package xcolor Info: Model `HTML' substituted by `rgb' on input line 1367.
Package xcolor Info: Model `Hsb' substituted by `hsb' on input line 1368.
Package xcolor Info: Model `tHsb' substituted by `hsb' on input line 1369.
Package xcolor Info: Model `HSB' substituted by `hsb' on input line 1370.
Package xcolor Info: Model `Gray' substituted by `gray' on input line 1371.
Package xcolor Info: Model `wave' substituted by `hsb' on input line 1372.
)
(/nix/store/z04bvjdadj4kd7zihcwn0v44vkmyimf4-texlive-combined-full-2025-final-t
exmfdist/tex/generic/pgf/basiclayer/pgfcore.code.tex
Package: pgfcore 2025-08-29 v3.1.11a (3.1.11a)

(/nix/store/z04bvjdadj4kd7zihcwn0v44vkmyimf4-texlive-combined-full-2025-final-t
exmfdist/tex/generic/pgf/math/pgfmath.code.tex
(/nix/store/z04bvjdadj4kd7zihcwn0v44vkmyimf4-texlive-combined-full-2025-final-t
exmfdist/tex/generic/pgf/math/pgfmathutil.code.tex)
(/nix/store/z04bvjdadj4kd7zihcwn0v44vkmyimf4-texlive-combined-full-2025-final-t
exmfdist/tex/generic/pgf/math/pgfmathparser.code.tex
\pgfmath@dimen=\dimen171
\pgfmath@count=\count295
\pgfmath@box=\box56
\pgfmath@toks=\toks31
\pgfmath@stack@operand=\toks32
\pgfmath@stack@operation=\toks33
)
(/nix/store/z04bvjdadj4kd7zihcwn0v44vkmyimf4-texlive-combined-full-2025-final-t
exmfdist/tex/generic/pgf/math/pgfmathfunctions.code.tex)
(/nix/store/z04bvjdadj4kd7zihcwn0v44vkmyimf4-texlive-combined-full-2025-final-t
exmfdist/tex/generic/pgf/math/pgfmathfunctions.basic.code.tex)
(/nix/store/z04bvjdadj4kd7zihcwn0v44vkmyimf4-texlive-combined-full-2025-final-t
exmfdist/tex/generic/pgf/math/pgfmathfunctions.trigonometric.code.tex)
(/nix/store/z04bvjdadj4kd7zihcwn0v44vkmyimf4-texlive-combined-full-2025-final-t
exmfdist/tex/generic/pgf/math/pgfmathfunctions.random.code.tex)
(/nix/store/z04bvjdadj4kd7zihcwn0v44vkmyimf4-texlive-combined-full-2025-final-t
exmfdist/tex/generic/pgf/math/pgfmathfunctions.comparison.code.tex)
(/nix/store/z04bvjdadj4kd7zihcwn0v44vkmyimf4-texlive-combined-full-2025-final-t
exmfdist/tex/generic/pgf/math/pgfmathfunctions.base.code.tex)
(/nix/store/z04bvjdadj4kd7zihcwn0v44vkmyimf4-texlive-combined-full-2025-final-t
exmfdist/tex/generic/pgf/math/pgfmathfunctions.round.code.tex)
(/nix/store/z04bvjdadj4kd7zihcwn0v44vkmyimf4-texlive-combined-full-2025-final-t
exmfdist/tex/generic/pgf/math/pgfmathfunctions.misc.code.tex)
(/nix/store/z04bvjdadj4kd7zihcwn0v44vkmyimf4-texlive-combined-full-2025-final-t
exmfdist/tex/generic/pgf/math/pgfmathfunctions.integerarithmetics.code.tex)
(/nix/store/z04bvjdadj4kd7zihcwn0v44vkmyimf4-texlive-combined-full-2025-final-t
exmfdist/tex/generic/pgf/math/pgfmathcalc.code.tex)
(/nix/store/z04bvjdadj4kd7zihcwn0v44vkmyimf4-texlive-combined-full-2025-final-t
exmfdist/tex/generic/pgf/math/pgfmathfloat.code.tex
\c@pgfmathroundto@lastzeros=\count296
))
(/nix/store/z04bvjdadj4kd7zihcwn0v44vkmyimf4-texlive-combined-full-2025-final-t
exmfdist/tex/generic/pgf/math/pgfint.code.tex)
(/nix/store/z04bvjdadj4kd7zihcwn0v44vkmyimf4-texlive-combined-full-2025-final-t
exmfdist/tex/generic/pgf/basiclayer/pgfcorepoints.code.tex
File: pgfcorepoints.code.tex 2025-08-29 v3.1.11a (3.1.11a)
\pgf@picminx=\dimen172
\pgf@picmaxx=\dimen173
\pgf@picminy=\dimen174
\pgf@picmaxy=\dimen175
\pgf@pathminx=\dimen176
\pgf@pathmaxx=\dimen177
\pgf@pathminy=\dimen178
\pgf@pathmaxy=\dimen179
\pgf@xx=\dimen180
\pgf@xy=\dimen181
\pgf@yx=\dimen182
\pgf@yy=\dimen183
\pgf@zx=\dimen184
\pgf@zy=\dimen185
)
(/nix/store/z04bvjdadj4kd7zihcwn0v44vkmyimf4-texlive-combined-full-2025-final-t
exmfdist/tex/generic/pgf/basiclayer/pgfcorepathconstruct.code.tex
File: pgfcorepathconstruct.code.tex 2025-08-29 v3.1.11a (3.1.11a)
\pgf@path@lastx=\dimen186
\pgf@path@lasty=\dimen187
)
(/nix/store/z04bvjdadj4kd7zihcwn0v44vkmyimf4-texlive-combined-full-2025-final-t
exmfdist/tex/generic/pgf/basiclayer/pgfcorepathusage.code.tex
File: pgfcorepathusage.code.tex 2025-08-29 v3.1.11a (3.1.11a)
\pgf@shorten@end@additional=\dimen188
\pgf@shorten@start@additional=\dimen189
)
(/nix/store/z04bvjdadj4kd7zihcwn0v44vkmyimf4-texlive-combined-full-2025-final-t
exmfdist/tex/generic/pgf/basiclayer/pgfcorescopes.code.tex
File: pgfcorescopes.code.tex 2025-08-29 v3.1.11a (3.1.11a)
\pgfpic=\box57
\pgf@hbox=\box58
\pgf@layerbox@main=\box59
\pgf@picture@serial@count=\count297
)
(/nix/store/z04bvjdadj4kd7zihcwn0v44vkmyimf4-texlive-combined-full-2025-final-t
exmfdist/tex/generic/pgf/basiclayer/pgfcoregraphicstate.code.tex
File: pgfcoregraphicstate.code.tex 2025-08-29 v3.1.11a (3.1.11a)
\pgflinewidth=\dimen190
)
(/nix/store/z04bvjdadj4kd7zihcwn0v44vkmyimf4-texlive-combined-full-2025-final-t
exmfdist/tex/generic/pgf/basiclayer/pgfcoretransformations.code.tex
File: pgfcoretransformations.code.tex 2025-08-29 v3.1.11a (3.1.11a)
\pgf@pt@x=\dimen191
\pgf@pt@y=\dimen192
\pgf@pt@temp=\dimen193
)
(/nix/store/z04bvjdadj4kd7zihcwn0v44vkmyimf4-texlive-combined-full-2025-final-t
exmfdist/tex/generic/pgf/basiclayer/pgfcorequick.code.tex
File: pgfcorequick.code.tex 2025-08-29 v3.1.11a (3.1.11a)
)
(/nix/store/z04bvjdadj4kd7zihcwn0v44vkmyimf4-texlive-combined-full-2025-final-t
exmfdist/tex/generic/pgf/basiclayer/pgfcoreobjects.code.tex
File: pgfcoreobjects.code.tex 2025-08-29 v3.1.11a (3.1.11a)
)
(/nix/store/z04bvjdadj4kd7zihcwn0v44vkmyimf4-texlive-combined-full-2025-final-t
exmfdist/tex/generic/pgf/basiclayer/pgfcorepathprocessing.code.tex
File: pgfcorepathprocessing.code.tex 2025-08-29 v3.1.11a (3.1.11a)
)
(/nix/store/z04bvjdadj4kd7zihcwn0v44vkmyimf4-texlive-combined-full-2025-final-t
exmfdist/tex/generic/pgf/basiclayer/pgfcorearrows.code.tex
File: pgfcorearrows.code.tex 2025-08-29 v3.1.11a (3.1.11a)
\pgfarrowsep=\dimen194
)
(/nix/store/z04bvjdadj4kd7zihcwn0v44vkmyimf4-texlive-combined-full-2025-final-t
exmfdist/tex/generic/pgf/basiclayer/pgfcoreshade.code.tex
File: pgfcoreshade.code.tex 2025-08-29 v3.1.11a (3.1.11a)
\pgf@max=\dimen195
\pgf@sys@shading@range@num=\count298
\pgf@shadingcount=\count299
)
(/nix/store/z04bvjdadj4kd7zihcwn0v44vkmyimf4-texlive-combined-full-2025-final-t
exmfdist/tex/generic/pgf/basiclayer/pgfcoreimage.code.tex
File: pgfcoreimage.code.tex 2025-08-29 v3.1.11a (3.1.11a)
)
(/nix/store/z04bvjdadj4kd7zihcwn0v44vkmyimf4-texlive-combined-full-2025-final-t
exmfdist/tex/generic/pgf/basiclayer/pgfcoreexternal.code.tex
File: pgfcoreexternal.code.tex 2025-08-29 v3.1.11a (3.1.11a)
\pgfexternal@startupbox=\box60
)
(/nix/store/z04bvjdadj4kd7zihcwn0v44vkmyimf4-texlive-combined-full-2025-final-t
exmfdist/tex/generic/pgf/basiclayer/pgfcorelayers.code.tex
File: pgfcorelayers.code.tex 2025-08-29 v3.1.11a (3.1.11a)
)
(/nix/store/z04bvjdadj4kd7zihcwn0v44vkmyimf4-texlive-combined-full-2025-final-t
exmfdist/tex/generic/pgf/basiclayer/pgfcoretransparency.code.tex
File: pgfcoretransparency.code.tex 2025-08-29 v3.1.11a (3.1.11a)
)
(/nix/store/z04bvjdadj4kd7zihcwn0v44vkmyimf4-texlive-combined-full-2025-final-t
exmfdist/tex/generic/pgf/basiclayer/pgfcorepatterns.code.tex
File: pgfcorepatterns.code.tex 2025-08-29 v3.1.11a (3.1.11a)
)
(/nix/store/z04bvjdadj4kd7zihcwn0v44vkmyimf4-texlive-combined-full-2025-final-t
exmfdist/tex/generic/pgf/basiclayer/pgfcorerdf.code.tex
File: pgfcorerdf.code.tex 2025-08-29 v3.1.11a (3.1.11a)
)))
(/nix/store/z04bvjdadj4kd7zihcwn0v44vkmyimf4-texlive-combined-full-2025-final-t
exmfdist/tex/generic/pgf/modules/pgfmoduleshapes.code.tex
File: pgfmoduleshapes.code.tex 2025-08-29 v3.1.11a (3.1.11a)
\pgfnodeparttextbox=\box61
)
(/nix/store/z04bvjdadj4kd7zihcwn0v44vkmyimf4-texlive-combined-full-2025-final-t
exmfdist/tex/generic/pgf/modules/pgfmoduleplot.code.tex
File: pgfmoduleplot.code.tex 2025-08-29 v3.1.11a (3.1.11a)
)
(/nix/store/z04bvjdadj4kd7zihcwn0v44vkmyimf4-texlive-combined-full-2025-final-t
exmfdist/tex/latex/pgf/compatibility/pgfcomp-version-0-65.sty
Package: pgfcomp-version-0-65 2025-08-29 v3.1.11a (3.1.11a)
\pgf@nodesepstart=\dimen196
\pgf@nodesepend=\dimen197
)
(/nix/store/z04bvjdadj4kd7zihcwn0v44vkmyimf4-texlive-combined-full-2025-final-t
exmfdist/tex/latex/pgf/compatibility/pgfcomp-version-1-18.sty
Package: pgfcomp-version-1-18 2025-08-29 v3.1.11a (3.1.11a)
))
(/nix/store/z04bvjdadj4kd7zihcwn0v44vkmyimf4-texlive-combined-full-2025-final-t
exmfdist/tex/latex/pgf/utilities/pgffor.sty
(/nix/store/z04bvjdadj4kd7zihcwn0v44vkmyimf4-texlive-combined-full-2025-final-t
exmfdist/tex/latex/pgf/utilities/pgfkeys.sty
(/nix/store/z04bvjdadj4kd7zihcwn0v44vkmyimf4-texlive-combined-full-2025-final-t
exmfdist/tex/generic/pgf/utilities/pgfkeys.code.tex))
(/nix/store/z04bvjdadj4kd7zihcwn0v44vkmyimf4-texlive-combined-full-2025-final-t
exmfdist/tex/latex/pgf/math/pgfmath.sty
(/nix/store/z04bvjdadj4kd7zihcwn0v44vkmyimf4-texlive-combined-full-2025-final-t
exmfdist/tex/generic/pgf/math/pgfmath.code.tex))
(/nix/store/z04bvjdadj4kd7zihcwn0v44vkmyimf4-texlive-combined-full-2025-final-t
exmfdist/tex/generic/pgf/utilities/pgffor.code.tex
Package: pgffor 2025-08-29 v3.1.11a (3.1.11a)
\pgffor@iter=\dimen198
\pgffor@skip=\dimen199
\pgffor@stack=\toks34
\pgffor@toks=\toks35
))
(/nix/store/z04bvjdadj4kd7zihcwn0v44vkmyimf4-texlive-combined-full-2025-final-t
exmfdist/tex/generic/pgf/frontendlayer/tikz/tikz.code.tex
Package: tikz 2025-08-29 v3.1.11a (3.1.11a)

(/nix/store/z04bvjdadj4kd7zihcwn0v44vkmyimf4-texlive-combined-full-2025-final-t
exmfdist/tex/generic/pgf/libraries/pgflibraryplothandlers.code.tex
File: pgflibraryplothandlers.code.tex 2025-08-29 v3.1.11a (3.1.11a)
\pgf@plot@mark@count=\count300
\pgfplotmarksize=\dimen256
)
\tikz@lastx=\dimen257
\tikz@lasty=\dimen258
\tikz@lastxsaved=\dimen259
\tikz@lastysaved=\dimen260
\tikz@lastmovetox=\dimen261
\tikz@lastmovetoy=\dimen262
\tikzleveldistance=\dimen263
\tikzsiblingdistance=\dimen264
\tikz@figbox=\box62
\tikz@figbox@bg=\box63
\tikz@tempbox=\box64
\tikz@tempbox@bg=\box65
\tikztreelevel=\count301
\tikznumberofchildren=\count302
\tikznumberofcurrentchild=\count303
\tikz@fig@count=\count304

(/nix/store/z04bvjdadj4kd7zihcwn0v44vkmyimf4-texlive-combined-full-2025-final-t
exmfdist/tex/generic/pgf/modules/pgfmodulematrix.code.tex
File: pgfmodulematrix.code.tex 2025-08-29 v3.1.11a (3.1.11a)
\pgfmatrixcurrentrow=\count305
\pgfmatrixcurrentcolumn=\count306
\pgf@matrix@numberofcolumns=\count307
)
\tikz@expandcount=\count308

(/nix/store/z04bvjdadj4kd7zihcwn0v44vkmyimf4-texlive-combined-full-2025-final-t
exmfdist/tex/generic/pgf/frontendlayer/tikz/libraries/tikzlibrarytopaths.code.t
ex
File: tikzlibrarytopaths.code.tex 2025-08-29 v3.1.11a (3.1.11a)
)))
(/nix/store/z04bvjdadj4kd7zihcwn0v44vkmyimf4-texlive-combined-full-2025-final-t
exmfdist/tex/generic/pgf/frontendlayer/tikz/libraries/tikzlibrarycalc.code.tex
File: tikzlibrarycalc.code.tex 2025-08-29 v3.1.11a (3.1.11a)
)
(/nix/store/z04bvjdadj4kd7zihcwn0v44vkmyimf4-texlive-combined-full-2025-final-t
exmfdist/tex/generic/pgf/frontendlayer/tikz/libraries/tikzlibrarypositioning.co
de.tex
File: tikzlibrarypositioning.code.tex 2025-08-29 v3.1.11a (3.1.11a)
)
(/nix/store/z04bvjdadj4kd7zihcwn0v44vkmyimf4-texlive-combined-full-2025-final-t
exmfdist/tex/generic/pgf/frontendlayer/tikz/libraries/tikzlibraryshapes.geometr
ic.code.tex
File: tikzlibraryshapes.geometric.code.tex 2025-08-29 v3.1.11a (3.1.11a)

(/nix/store/z04bvjdadj4kd7zihcwn0v44vkmyimf4-texlive-combined-full-2025-final-t
exmfdist/tex/generic/pgf/libraries/shapes/pgflibraryshapes.geometric.code.tex
File: pgflibraryshapes.geometric.code.tex 2025-08-29 v3.1.11a (3.1.11a)
))
(/nix/store/z04bvjdadj4kd7zihcwn0v44vkmyimf4-texlive-combined-full-2025-final-t
exmfdist/tex/generic/pgf/frontendlayer/tikz/libraries/tikzlibrarybackgrounds.co
de.tex
File: tikzlibrarybackgrounds.code.tex 2025-08-29 v3.1.11a (3.1.11a)
\pgf@layerbox@background=\box66
\pgf@layerboxsaved@background=\box67
)
(/nix/store/z04bvjdadj4kd7zihcwn0v44vkmyimf4-texlive-combined-full-2025-final-t
exmfdist/tex/generic/pgf/frontendlayer/tikz/libraries/tikzlibraryfadings.code.t
ex
File: tikzlibraryfadings.code.tex 2025-08-29 v3.1.11a (3.1.11a)

(/nix/store/z04bvjdadj4kd7zihcwn0v44vkmyimf4-texlive-combined-full-2025-final-t
exmfdist/tex/generic/pgf/libraries/pgflibraryfadings.code.tex
File: pgflibraryfadings.code.tex 2025-08-29 v3.1.11a (3.1.11a)
))
(/nix/store/z04bvjdadj4kd7zihcwn0v44vkmyimf4-texlive-combined-full-2025-final-t
exmfdist/tex/latex/tcolorbox/tcolorbox.sty
Package: tcolorbox 2025/11/28 version 6.9.0 text color boxes

(/nix/store/z04bvjdadj4kd7zihcwn0v44vkmyimf4-texlive-combined-full-2025-final-t
exmfdist/tex/latex/tools/verbatim.sty
Package: verbatim 2024-01-22 v1.5x LaTeX2e package for verbatim enhancements
\every@verbatim=\toks36
\verbatim@line=\toks37
\verbatim@in@stream=\read3
)
(/nix/store/z04bvjdadj4kd7zihcwn0v44vkmyimf4-texlive-combined-full-2025-final-t
exmfdist/tex/latex/environ/environ.sty
Package: environ 2014/05/04 v0.3 A new way to define environments

(/nix/store/z04bvjdadj4kd7zihcwn0v44vkmyimf4-texlive-combined-full-2025-final-t
exmfdist/tex/latex/trimspaces/trimspaces.sty
Package: trimspaces 2009/09/17 v1.1 Trim spaces around a token list
)
\@envbody=\toks38
)
(/nix/store/z04bvjdadj4kd7zihcwn0v44vkmyimf4-texlive-combined-full-2025-final-t
exmfdist/tex/latex/etoolbox/etoolbox.sty
Package: etoolbox 2025/10/02 v2.5m e-TeX tools for LaTeX (JAW)
\etb@tempcnta=\count309
)
\tcb@titlebox=\box68
\tcb@upperbox=\box69
\tcb@lowerbox=\box70
\tcb@phantombox=\box71
\c@tcbbreakpart=\count310
\c@tcblayer=\count311
\c@tcolorbox@number=\count312
\l__tcobox_tmpa_box=\box72
\l__tcobox_tmpa_dim=\dimen265
\tcb@temp=\box73
\tcb@temp=\box74
\tcb@temp=\box75
\tcb@temp=\box76

(/nix/store/z04bvjdadj4kd7zihcwn0v44vkmyimf4-texlive-combined-full-2025-final-t
exmfdist/tex/latex/tcolorbox/tcbraster.code.tex
Library (tcolorbox): 'tcbraster.code.tex' version '6.9.0'
\c@tcbrastercolumn=\count313
\c@tcbrasterrow=\count314
\c@tcbrasternum=\count315
\c@tcbraster=\count316
)
(/nix/store/z04bvjdadj4kd7zihcwn0v44vkmyimf4-texlive-combined-full-2025-final-t
exmfdist/tex/latex/tcolorbox/tcbskins.code.tex
Library (tcolorbox): 'tcbskins.code.tex' version '6.9.0'

(/nix/store/z04bvjdadj4kd7zihcwn0v44vkmyimf4-texlive-combined-full-2025-final-t
exmfdist/tex/latex/tikzfill/tikzfill.image.sty
Package: tikzfill.image 2023/08/08 v1.0.1 Image filling library for TikZ

(/nix/store/z04bvjdadj4kd7zihcwn0v44vkmyimf4-texlive-combined-full-2025-final-t
exmfdist/tex/latex/tikzfill/tikzfill-common.sty
Package: tikzfill-common 2023/08/08 v1.0.1 Auxiliary code for tikzfill
)
(/nix/store/z04bvjdadj4kd7zihcwn0v44vkmyimf4-texlive-combined-full-2025-final-t
exmfdist/tex/latex/tikzfill/tikzlibraryfill.image.code.tex
File: tikzlibraryfill.image.code.tex 2023/08/08 v1.0.1 Image filling library
\l__tikzfill_img_box=\box77
))
(/nix/store/z04bvjdadj4kd7zihcwn0v44vkmyimf4-texlive-combined-full-2025-final-t
exmfdist/tex/latex/tcolorbox/tcbskinsjigsaw.code.tex
Library (tcolorbox): 'tcbskinsjigsaw.code.tex' version '6.9.0'
))
(/nix/store/z04bvjdadj4kd7zihcwn0v44vkmyimf4-texlive-combined-full-2025-final-t
exmfdist/tex/latex/tcolorbox/tcbbreakable.code.tex
Library (tcolorbox): 'tcbbreakable.code.tex' version '6.9.0'

(/nix/store/z04bvjdadj4kd7zihcwn0v44vkmyimf4-texlive-combined-full-2025-final-t
exmfdist/tex/latex/pdfcol/pdfcol.sty
Package: pdfcol 2022-09-21 v1.7 Handle new color stacks for pdfTeX (HO)

(/nix/store/z04bvjdadj4kd7zihcwn0v44vkmyimf4-texlive-combined-full-2025-final-t
exmfdist/tex/generic/ltxcmds/ltxcmds.sty
Package: ltxcmds 2023-12-04 v1.26 LaTeX kernel commands for general use (HO)
)
(/nix/store/z04bvjdadj4kd7zihcwn0v44vkmyimf4-texlive-combined-full-2025-final-t
exmfdist/tex/generic/infwarerr/infwarerr.sty
Package: infwarerr 2019/12/03 v1.5 Providing info/warning/error messages (HO)
))
Package pdfcol Info: New color stack `tcb@breakable' = 1 on input line 23.
\tcb@testbox=\box78
\tcb@totalupperbox=\box79
\tcb@totallowerbox=\box80
)
(/nix/store/z04bvjdadj4kd7zihcwn0v44vkmyimf4-texlive-combined-full-2025-final-t
exmfdist/tex/latex/tcolorbox/tcbhooks.code.tex
Library (tcolorbox): 'tcbhooks.code.tex' version '6.9.0'
)
(/nix/store/z04bvjdadj4kd7zihcwn0v44vkmyimf4-texlive-combined-full-2025-final-t
exmfdist/tex/latex/tcolorbox/tcbtheorems.code.tex
Library (tcolorbox): 'tcbtheorems.code.tex' version '6.9.0'

(/nix/store/z04bvjdadj4kd7zihcwn0v44vkmyimf4-texlive-combined-full-2025-final-t
exmfdist/tex/latex/amsmath/amsmath.sty
Package: amsmath 2025/07/09 v2.17z AMS math features
\@mathmargin=\skip65

For additional information on amsmath, use the `?' option.

(/nix/store/z04bvjdadj4kd7zihcwn0v44vkmyimf4-texlive-combined-full-2025-final-t
exmfdist/tex/latex/amsmath/amstext.sty
Package: amstext 2024/11/17 v2.01 AMS text

(/nix/store/z04bvjdadj4kd7zihcwn0v44vkmyimf4-texlive-combined-full-2025-final-t
exmfdist/tex/latex/amsmath/amsgen.sty
File: amsgen.sty 1999/11/30 v2.0 generic functions
\@emptytoks=\toks39
\ex@=\dimen266
))
(/nix/store/z04bvjdadj4kd7zihcwn0v44vkmyimf4-texlive-combined-full-2025-final-t
exmfdist/tex/latex/amsmath/amsbsy.sty
Package: amsbsy 1999/11/29 v1.2d Bold Symbols
\pmbraise@=\dimen267
)
(/nix/store/z04bvjdadj4kd7zihcwn0v44vkmyimf4-texlive-combined-full-2025-final-t
exmfdist/tex/latex/amsmath/amsopn.sty
Package: amsopn 2022/04/08 v2.04 operator names
)
\inf@bad=\count317
LaTeX Info: Redefining \frac on input line 233.
\uproot@=\count318
\leftroot@=\count319
LaTeX Info: Redefining \overline on input line 398.
LaTeX Info: Redefining \colon on input line 409.
\classnum@=\count320
\DOTSCASE@=\count321
LaTeX Info: Redefining \ldots on input line 495.
LaTeX Info: Redefining \dots on input line 498.
LaTeX Info: Redefining \cdots on input line 619.
\Mathstrutbox@=\box81
\strutbox@=\box82
LaTeX Info: Redefining \big on input line 721.
LaTeX Info: Redefining \Big on input line 722.
LaTeX Info: Redefining \bigg on input line 723.
LaTeX Info: Redefining \Bigg on input line 724.
\big@size=\dimen268
LaTeX Font Info:    Redeclaring font encoding OML on input line 742.
LaTeX Font Info:    Redeclaring font encoding OMS on input line 743.
\macc@depth=\count322
LaTeX Info: Redefining \bmod on input line 904.
LaTeX Info: Redefining \pmod on input line 909.
LaTeX Info: Redefining \smash on input line 939.
LaTeX Info: Redefining \relbar on input line 969.
LaTeX Info: Redefining \Relbar on input line 970.
\c@MaxMatrixCols=\count323
\dotsspace@=\muskip17
\c@parentequation=\count324
\dspbrk@lvl=\count325
\tag@help=\toks40
\row@=\count326
\column@=\count327
\maxfields@=\count328
\andhelp@=\toks41
\eqnshift@=\dimen269
\alignsep@=\dimen270
\tagshift@=\dimen271
\tagwidth@=\dimen272
\totwidth@=\dimen273
\lineht@=\dimen274
\@envbody=\toks42
\multlinegap=\skip66
\multlinetaggap=\skip67
\mathdisplay@stack=\toks43
LaTeX Info: Redefining \[ on input line 2950.
LaTeX Info: Redefining \] on input line 2951.
))
(/nix/store/z04bvjdadj4kd7zihcwn0v44vkmyimf4-texlive-combined-full-2025-final-t
exmfdist/tex/latex/tcolorbox/tcbfitting.code.tex
Library (tcolorbox): 'tcbfitting.code.tex' version '6.9.0'
\tcbfitdim=\dimen275
\tcb@lowerfitdim=\dimen276
\tcb@upperfitdim=\dimen277
\tcb@cur@hbadness=\count329
)
(/nix/store/z04bvjdadj4kd7zihcwn0v44vkmyimf4-texlive-combined-full-2025-final-t
exmfdist/tex/latex/tcolorbox/tcblistingsutf8.code.tex
Library (tcolorbox): 'tcblistingsutf8.code.tex' version '6.9.0'

(/nix/store/z04bvjdadj4kd7zihcwn0v44vkmyimf4-texlive-combined-full-2025-final-t
exmfdist/tex/latex/tcolorbox/tcblistings.code.tex
Library (tcolorbox): 'tcblistings.code.tex' version '6.9.0'

(/nix/store/z04bvjdadj4kd7zihcwn0v44vkmyimf4-texlive-combined-full-2025-final-t
exmfdist/tex/latex/listings/listings.sty
\lst@mode=\count330
\lst@gtempboxa=\box83
\lst@token=\toks44
\lst@length=\count331
\lst@currlwidth=\dimen278
\lst@column=\count332
\lst@pos=\count333
\lst@lostspace=\dimen279
\lst@width=\dimen280
\lst@newlines=\count334
\lst@lineno=\count335
\lst@maxwidth=\dimen281

(/nix/store/z04bvjdadj4kd7zihcwn0v44vkmyimf4-texlive-combined-full-2025-final-t
exmfdist/tex/latex/listings/lstpatch.sty
File: lstpatch.sty 2025/11/14 1.11b (Carsten Heinz)
)
(/nix/store/z04bvjdadj4kd7zihcwn0v44vkmyimf4-texlive-combined-full-2025-final-t
exmfdist/tex/latex/listings/lstmisc.sty
File: lstmisc.sty 2025/11/14 1.11b (Carsten Heinz)
\c@lstnumber=\count336
\lst@skipnumbers=\count337
\lst@framebox=\box84
)
(/nix/store/z04bvjdadj4kd7zihcwn0v44vkmyimf4-texlive-combined-full-2025-final-t
exmfdist/tex/latex/listings/listings.cfg
File: listings.cfg 2025/11/14 1.11b listings configuration
))
Package: listings 2025/11/14 1.11b (Carsten Heinz)

==> First Aid for listings.sty no longer applied!
    Expected:
        2024/09/23 1.10c (Carsten Heinz)
    but found:
        2025/11/14 1.11b (Carsten Heinz)
    so I'm assuming it got fixed.

(/nix/store/z04bvjdadj4kd7zihcwn0v44vkmyimf4-texlive-combined-full-2025-final-t
exmfdist/tex/latex/tcolorbox/tcblistingscore.code.tex
Library (tcolorbox): 'tcblistingscore.code.tex' version '6.9.0'

(/nix/store/z04bvjdadj4kd7zihcwn0v44vkmyimf4-texlive-combined-full-2025-final-t
exmfdist/tex/latex/tcolorbox/tcbprocessing.code.tex
Library (tcolorbox): 'tcbprocessing.code.tex' version '6.9.0'
)
\c@tcblisting=\count338
))
(/nix/store/z04bvjdadj4kd7zihcwn0v44vkmyimf4-texlive-combined-full-2025-final-t
exmfdist/tex/latex/listingsutf8/listingsutf8.sty
Package: listingsutf8 2019-12-10 v1.5 Allow UTF-8 in listings input (HO)

(/nix/store/z04bvjdadj4kd7zihcwn0v44vkmyimf4-texlive-combined-full-2025-final-t
exmfdist/tex/generic/pdftexcmds/pdftexcmds.sty
Package: pdftexcmds 2020-06-27 v0.33 Utility functions of pdfTeX for LuaTeX (HO
)
Package pdftexcmds Info: \pdf@primitive is available.
Package pdftexcmds Info: \pdf@ifprimitive is available.
Package pdftexcmds Info: \pdfdraftmode found.
)
(/nix/store/z04bvjdadj4kd7zihcwn0v44vkmyimf4-texlive-combined-full-2025-final-t
exmfdist/tex/generic/stringenc/stringenc.sty
Package: stringenc 2019/11/29 v1.12 Convert strings between diff. encodings (HO
)

(/nix/store/z04bvjdadj4kd7zihcwn0v44vkmyimf4-texlive-combined-full-2025-final-t
exmfdist/tex/generic/pdfescape/pdfescape.sty
Package: pdfescape 2019/12/09 v1.15 Implements pdfTeX's escape features (HO)
))))
(/nix/store/z04bvjdadj4kd7zihcwn0v44vkmyimf4-texlive-combined-full-2025-final-t
exmfdist/tex/latex/tcolorbox/tcbexternal.code.tex
Library (tcolorbox): 'tcbexternal.code.tex' version '6.9.0'
)
(/nix/store/z04bvjdadj4kd7zihcwn0v44vkmyimf4-texlive-combined-full-2025-final-t
exmfdist/tex/latex/tcolorbox/tcbmagazine.code.tex
Library (tcolorbox): 'tcbmagazine.code.tex' version '6.9.0'
)
(/nix/store/z04bvjdadj4kd7zihcwn0v44vkmyimf4-texlive-combined-full-2025-final-t
exmfdist/tex/latex/tcolorbox/tcbvignette.code.tex
Library (tcolorbox): 'tcbvignette.code.tex' version '6.9.0'
)
(/nix/store/z04bvjdadj4kd7zihcwn0v44vkmyimf4-texlive-combined-full-2025-final-t
exmfdist/tex/latex/tcolorbox/tcbposter.code.tex
Library (tcolorbox): 'tcbposter.code.tex' version '6.9.0'
))
(/nix/store/z04bvjdadj4kd7zihcwn0v44vkmyimf4-texlive-combined-full-2025-final-t
exmfdist/tex/latex/qrcode/qrcode.sty
Package: qrcode 2015/01/08 v1.51 QR code generation
\c@qr@i=\count339
\c@qr@j=\count340
\qr@a=\count341
\qr@b=\count342
\qr@c=\count343
\qr@for@depth=\count344
\qr@for@maxdepth=\count345
\qr@for@start=\count346
\qr@for@end=\count347
\qr@for@step=\count348
\qr@newforcount=\count349
\qr@newforcount=\count350
\qr@desiredheight=\skip68
\qr@modulesize=\skip69
\qr@minipagewidth=\skip70
\c@maski=\count351
\c@maskj=\count352
\c@totalones=\count353
\c@penaltyi=\count354
\c@penaltyii=\count355
\c@penaltyiii=\count356
\c@penaltyiv=\count357
\c@qr@hexchars=\count358
\qr@newforcount=\count359
\c@qr@divisionsremaining=\count360
)
(/nix/store/z04bvjdadj4kd7zihcwn0v44vkmyimf4-texlive-combined-full-2025-final-t
exmfdist/tex/latex/ragged2e/ragged2e.sty
Package: ragged2e 2023/06/22 v3.6 ragged2e Package
\CenteringLeftskip=\skip71
\RaggedLeftLeftskip=\skip72
\RaggedRightLeftskip=\skip73
\CenteringRightskip=\skip74
\RaggedLeftRightskip=\skip75
\RaggedRightRightskip=\skip76
\CenteringParfillskip=\skip77
\RaggedLeftParfillskip=\skip78
\RaggedRightParfillskip=\skip79
\JustifyingParfillskip=\skip80
\CenteringParindent=\skip81
\RaggedLeftParindent=\skip82
\RaggedRightParindent=\skip83
\JustifyingParindent=\skip84
)
(/nix/store/z04bvjdadj4kd7zihcwn0v44vkmyimf4-texlive-combined-full-2025-final-t
exmfdist/tex/latex/fontawesome5/fontawesome5.sty
(/nix/store/z04bvjdadj4kd7zihcwn0v44vkmyimf4-texlive-combined-full-2025-final-t
exmfdist/tex/latex/l3kernel/expl3.sty
Package: expl3 2026-01-19 L3 programming layer (loader) 

(/nix/store/z04bvjdadj4kd7zihcwn0v44vkmyimf4-texlive-combined-full-2025-final-t
exmfdist/tex/latex/l3backend/l3backend-pdftex.def
File: l3backend-pdftex.def 2025-10-09 L3 backend support: PDF output (pdfTeX)
\l__color_backend_stack_int=\count361
))
Package: fontawesome5 2022/05/02 v5.15.4 Font Awesome 5

(/nix/store/z04bvjdadj4kd7zihcwn0v44vkmyimf4-texlive-combined-full-2025-final-t
exmfdist/tex/latex/l3packages/l3keys2e/l3keys2e.sty
Package: l3keys2e 2025-10-09 LaTeX2e option processing using LaTeX3 keys
)
(/nix/store/z04bvjdadj4kd7zihcwn0v44vkmyimf4-texlive-combined-full-2025-final-t
exmfdist/tex/latex/l3packages/xparse/xparse.sty
Package: xparse 2025-10-09 L3 Experimental document command parser
)
(/nix/store/z04bvjdadj4kd7zihcwn0v44vkmyimf4-texlive-combined-full-2025-final-t
exmfdist/tex/latex/fontawesome5/fontawesome5-generic-helper.sty
Package: fontawesome5-generic-helper 2022/05/02 v5.15.4 non-uTeX helper for fon
tawesome5

(/nix/store/z04bvjdadj4kd7zihcwn0v44vkmyimf4-texlive-combined-full-2025-final-t
exmfdist/tex/latex/fontawesome5/fontawesome5-mapping.def)))
LaTeX Font Info:    Trying to load font information for T1+FiraSans-OsF on inpu
t line 99.

(/nix/store/z04bvjdadj4kd7zihcwn0v44vkmyimf4-texlive-combined-full-2025-final-t
exmfdist/tex/latex/fira/T1FiraSans-OsF.fd
File: T1FiraSans-OsF.fd 2019/10/10 (autoinst) Font definitions for T1/FiraSans-
OsF.
)
LaTeX Font Info:    Font shape `T1/FiraSans-OsF/m/n' in size <20.74> not availa
ble
(Font)              Font shape `T1/FiraSans-OsF/regular/n' tried instead on inp
ut line 99.
LaTeX Font Info:    Font shape `T1/FiraSans-OsF/regular/n' will be
(Font)              scaled to size 20.74pt on input line 99.
 (./juliacon2026_poster.aux
<Reading QR code for "https://github.com/abcsds/HeartRateLab.jl" at level 3-M f
rom aux file.>
)
\openout1 = `juliacon2026_poster.aux'.

LaTeX Font Info:    Checking defaults for OML/cmm/m/it on input line 99.
LaTeX Font Info:    ... okay on input line 99.
LaTeX Font Info:    Checking defaults for OMS/cmsy/m/n on input line 99.
LaTeX Font Info:    ... okay on input line 99.
LaTeX Font Info:    Checking defaults for OT1/cmr/m/n on input line 99.
LaTeX Font Info:    ... okay on input line 99.
LaTeX Font Info:    Checking defaults for T1/cmr/m/n on input line 99.
LaTeX Font Info:    ... okay on input line 99.
LaTeX Font Info:    Checking defaults for TS1/cmr/m/n on input line 99.
LaTeX Font Info:    ... okay on input line 99.
LaTeX Font Info:    Checking defaults for OMX/cmex/m/n on input line 99.
LaTeX Font Info:    ... okay on input line 99.
LaTeX Font Info:    Checking defaults for U/cmr/m/n on input line 99.
LaTeX Font Info:    ... okay on input line 99.
Package scrbase Info: activating english \abstractname on input line 99.
Package scrbase Info: activating english \partname on input line 99.
Package scrbase Info: activating english \figurename on input line 99.
Package scrbase Info: activating english \tablename on input line 99.
Package scrbase Info: activating english \contentsname on input line 99.
Package scrbase Info: activating english \listfigurename on input line 99.
Package scrbase Info: activating english \listtablename on input line 99.
Package scrbase Info: activating english \refname on input line 99.
Package scrbase Info: activating english \indexname on input line 99.
\c@mv@tabular=\count362
\c@mv@boldtabular=\count363

*geometry* driver: auto-detecting
*geometry* detected driver: pdftex
*geometry* verbose mode - [ preamble ] result:
* driver: pdftex
* paper: custom
* layout: <same size as paper>
* layoutoffset:(h,v)=(0.0pt,0.0pt)
* modes: 
* h-part:(L,W,R)=(51.21495pt, 2290.44687pt, 51.21495pt)
* v-part:(T,H,B)=(42.67912pt, 3306.21025pt, 34.1433pt)
* \paperwidth=2392.87677pt
* \paperheight=3383.03267pt
* \textwidth=2290.44687pt
* \textheight=3306.21025pt
* \oddsidemargin=-21.05504pt
* \evensidemargin=-21.05504pt
* \topmargin=-98.34087pt
* \headheight=31.25pt
* \headsep=37.5pt
* \topskip=20.0pt
* \footskip=87.5pt
* \marginparwidth=49.79233pt
* \marginparsep=12.8401pt
* \columnsep=10.0pt
* \skip\footins=16.0pt plus 6.0pt minus 3.0pt
* \hoffset=0.0pt
* \voffset=0.0pt
* \mag=1000
* \@twocolumnfalse
* \@twosidefalse
* \@mparswitchfalse
* \@reversemarginfalse
* (1in=72.27pt=25.4mm, 1cm=28.453pt)


(/nix/store/z04bvjdadj4kd7zihcwn0v44vkmyimf4-texlive-combined-full-2025-final-t
exmfdist/tex/context/base/mkii/supp-pdf.mkii
[Loading MPS to PDF converter (version 2006.09.02).]
\scratchcounter=\count364
\scratchdimen=\dimen282
\scratchbox=\box85
\nofMPsegments=\count365
\nofMParguments=\count366
\everyMPshowfont=\toks45
\MPscratchCnt=\count367
\MPscratchDim=\dimen283
\MPnumerator=\count368
\makeMPintoPDFobject=\count369
\everyMPtoPDFconversion=\toks46
)
(/nix/store/z04bvjdadj4kd7zihcwn0v44vkmyimf4-texlive-combined-full-2025-final-t
exmfdist/tex/latex/epstopdf-pkg/epstopdf-base.sty
Package: epstopdf-base 2020-01-24 v2.11 Base part for package epstopdf
Package epstopdf-base Info: Redefining graphics rule for `.eps' on input line 4
85.

(/nix/store/z04bvjdadj4kd7zihcwn0v44vkmyimf4-texlive-combined-full-2025-final-t
exmfdist/tex/latex/latexconfig/epstopdf-sys.cfg
File: epstopdf-sys.cfg 2010/07/13 v1.3 Configuration of (r)epstopdf for TeX Liv
e
))
\c@lstlisting=\count370
Package tocbasic Info: omitting babel extension for `lol'
(tocbasic)             because of missing \bbl@set@language on input line 99.
\scr@dte@lstlisting@maxnumwidth=\skip85
LaTeX Font Info:    Font shape `T1/FiraSans-OsF/b/n' in size <20.74> not availa
ble
(Font)              Font shape `T1/FiraSans-OsF/bold/n' tried instead on input 
line 126.
LaTeX Font Info:    Font shape `T1/FiraSans-OsF/bold/n' will be
(Font)              scaled to size 20.74pt on input line 126.
LaTeX Font Info:    Font shape `T1/FiraSans-OsF/b/n' in size <29.86> not availa
ble
(Font)              Font shape `T1/FiraSans-OsF/bold/n' tried instead on input 
line 126.
LaTeX Font Info:    Font shape `T1/FiraSans-OsF/bold/n' will be
(Font)              scaled to size 29.86pt on input line 126.
LaTeX Font Info:    Font shape `T1/FiraSans-OsF/b/n' in size <52> not available

(Font)              Font shape `T1/FiraSans-OsF/bold/n' tried instead on input 
line 127.
LaTeX Font Info:    Font shape `T1/FiraSans-OsF/bold/n' will be
(Font)              scaled to size 52.0pt on input line 127.
LaTeX Font Info:    Font shape `T1/FiraSans-OsF/m/n' in size <29.86> not availa
ble
(Font)              Font shape `T1/FiraSans-OsF/regular/n' tried instead on inp
ut line 130.
LaTeX Font Info:    Font shape `T1/FiraSans-OsF/regular/n' will be
(Font)              scaled to size 29.86pt on input line 130.
LaTeX Font Info:    Font shape `T1/FiraSans-OsF/m/n' in size <24.88> not availa
ble
(Font)              Font shape `T1/FiraSans-OsF/regular/n' tried instead on inp
ut line 131.
LaTeX Font Info:    Font shape `T1/FiraSans-OsF/regular/n' will be
(Font)              scaled to size 24.88pt on input line 131.



<QR code requested for "https://github.com/abcsds/HeartRateLab.jl" in version 0
-M.>

<Copying the QR code for "https://github.com/abcsds/HeartRateLab.jl" in version
 3-M as previously calculated.>
LaTeX Font Info:    Font shape `T1/FiraSans-OsF/m/n' in size <17.28> not availa
ble
(Font)              Font shape `T1/FiraSans-OsF/regular/n' tried instead on inp
ut line 140.
LaTeX Font Info:    Font shape `T1/FiraSans-OsF/regular/n' will be
(Font)              scaled to size 17.28pt on input line 140.
LaTeX Font Info:    Font shape `T1/FiraSans-OsF/b/n' in size <17.28> not availa
ble
(Font)              Font shape `T1/FiraSans-OsF/bold/n' tried instead on input 
line 140.
LaTeX Font Info:    Font shape `T1/FiraSans-OsF/bold/n' will be
(Font)              scaled to size 17.28pt on input line 140.
LaTeX Font Info:    Font shape `T1/FiraSans-OsF/b/n' in size <35.83> not availa
ble
(Font)              Font shape `T1/FiraSans-OsF/bold/n' tried instead on input 
line 148.
LaTeX Font Info:    Font shape `T1/FiraSans-OsF/bold/n' will be
(Font)              scaled to size 35.83pt on input line 148.
LaTeX Font Info:    Font shape `T1/FiraSans-OsF/b/n' in size <24.88> not availa
ble
(Font)              Font shape `T1/FiraSans-OsF/bold/n' tried instead on input 
line 154.
LaTeX Font Info:    Font shape `T1/FiraSans-OsF/bold/n' will be
(Font)              scaled to size 24.88pt on input line 154.
LaTeX Font Info:    Font shape `T1/FiraSans-OsF/m/it' in size <24.88> not avail
able
(Font)              Font shape `T1/FiraSans-OsF/regular/it' tried instead on in
put line 157.
LaTeX Font Info:    Font shape `T1/FiraSans-OsF/regular/it' will be
(Font)              scaled to size 24.88pt on input line 157.
LaTeX Font Info:    Font shape `T1/FiraSans-OsF/m/n' in size <14.4> not availab
le
(Font)              Font shape `T1/FiraSans-OsF/regular/n' tried instead on inp
ut line 197.
LaTeX Font Info:    Font shape `T1/FiraSans-OsF/regular/n' will be
(Font)              scaled to size 14.4pt on input line 197.
LaTeX Font Info:    Font shape `T1/FiraSans-OsF/m/n' in size <12> not available

(Font)              Font shape `T1/FiraSans-OsF/regular/n' tried instead on inp
ut line 197.
LaTeX Font Info:    Font shape `T1/FiraSans-OsF/regular/n' will be
(Font)              scaled to size 12.0pt on input line 197.
LaTeX Font Info:    Font shape `T1/FiraSans-OsF/m/it' in size <20.74> not avail
able
(Font)              Font shape `T1/FiraSans-OsF/regular/it' tried instead on in
put line 200.
LaTeX Font Info:    Font shape `T1/FiraSans-OsF/regular/it' will be
(Font)              scaled to size 20.74pt on input line 200.
LaTeX Font Info:    Font shape `T1/FiraSans-OsF/b/it' in size <20.74> not avail
able
(Font)              Font shape `T1/FiraSans-OsF/bold/it' tried instead on input
 line 203.
LaTeX Font Info:    Font shape `T1/FiraSans-OsF/bold/it' will be
(Font)              scaled to size 20.74pt on input line 203.
<figs/between_dataset_kde.png, id=43, 1517.67pt x 1120.185pt>
File: figs/between_dataset_kde.png Graphic file (type png)
<use figs/between_dataset_kde.png>
Package pdftex.def Info: figs/between_dataset_kde.png  used on input line 207.
(pdftex.def)             Requested size: 454.86452pt x 335.74251pt.
LaTeX Font Info:    Font shape `T1/FiraSans-OsF/b/n' in size <14.4> not availab
le
(Font)              Font shape `T1/FiraSans-OsF/bold/n' tried instead on input 
line 208.
LaTeX Font Info:    Font shape `T1/FiraSans-OsF/bold/n' will be
(Font)              scaled to size 14.4pt on input line 208.
LaTeX Font Info:    Font shape `T1/FiraSans-OsF/b/n' in size <42.99> not availa
ble
(Font)              Font shape `T1/FiraSans-OsF/bold/n' tried instead on input 
line 215.
LaTeX Font Info:    Font shape `T1/FiraSans-OsF/bold/n' will be
(Font)              scaled to size 42.99pt on input line 215.

Underfull \hbox (badness 10000) in paragraph at lines 215--216

 []

LaTeX Font Info:    Trying to load font information for TS1+FiraSans-OsF on inp
ut line 223.

(/nix/store/z04bvjdadj4kd7zihcwn0v44vkmyimf4-texlive-combined-full-2025-final-t
exmfdist/tex/latex/fira/TS1FiraSans-OsF.fd
File: TS1FiraSans-OsF.fd 2019/10/10 (autoinst) Font definitions for TS1/FiraSan
s-OsF.
)
LaTeX Font Info:    Font shape `TS1/FiraSans-OsF/m/n' in size <24.88> not avail
able
(Font)              Font shape `TS1/FiraSans-OsF/regular/n' tried instead on in
put line 223.
LaTeX Font Info:    Font shape `TS1/FiraSans-OsF/regular/n' will be
(Font)              scaled to size 24.88pt on input line 223.
LaTeX Font Info:    Font shape `T1/FiraSans-OsF/m/it' in size <17.28> not avail
able
(Font)              Font shape `T1/FiraSans-OsF/regular/it' tried instead on in
put line 230.
LaTeX Font Info:    Font shape `T1/FiraSans-OsF/regular/it' will be
(Font)              scaled to size 17.28pt on input line 230.
<figs/hero_participant_vs_normative.png, id=50, 1517.67pt x 1120.185pt>
File: figs/hero_participant_vs_normative.png Graphic file (type png)
<use figs/hero_participant_vs_normative.png>
Package pdftex.def Info: figs/hero_participant_vs_normative.png  used on input 
line 274.
(pdftex.def)             Requested size: 732.45647pt x 540.60236pt.
LaTeX Font Info:    Font shape `T1/FiraSans-OsF/m/it' in size <14.4> not availa
ble
(Font)              Font shape `T1/FiraSans-OsF/regular/it' tried instead on in
put line 285.
LaTeX Font Info:    Font shape `T1/FiraSans-OsF/regular/it' will be
(Font)              scaled to size 14.4pt on input line 285.
LaTeX Font Info:    Calculating math sizes for size <35.83> on input line 298.


LaTeX Font Warning: Font shape `OT1/cmr/m/n' in size <35.83> not available
(Font)              size <24.88> substituted on input line 298.


LaTeX Font Warning: Font shape `OT1/cmr/m/n' in size <17.915> not available
(Font)              size <17.28> substituted on input line 298.


LaTeX Font Warning: Font shape `OML/cmm/m/it' in size <35.83> not available
(Font)              size <24.88> substituted on input line 298.


LaTeX Font Warning: Font shape `OML/cmm/m/it' in size <17.915> not available
(Font)              size <17.28> substituted on input line 298.


LaTeX Font Warning: Font shape `OMS/cmsy/m/n' in size <35.83> not available
(Font)              size <24.88> substituted on input line 298.


LaTeX Font Warning: Font shape `OMS/cmsy/m/n' in size <17.915> not available
(Font)              size <17.28> substituted on input line 298.


LaTeX Font Warning: Font shape `OMX/cmex/m/n' in size <35.83> not available
(Font)              size <24.88> substituted on input line 298.


LaTeX Font Warning: Font shape `OMX/cmex/m/n' in size <17.915> not available
(Font)              size <17.28> substituted on input line 298.

<figs/lfhf_over_time.png, id=51, 1084.05pt x 505.89pt>
File: figs/lfhf_over_time.png Graphic file (type png)
<use figs/lfhf_over_time.png>
Package pdftex.def Info: figs/lfhf_over_time.png  used on input line 299.
(pdftex.def)             Requested size: 804.81451pt x 375.57637pt.
<figs/rmssd_over_time.png, id=52, 1084.05pt x 505.89pt>
File: figs/rmssd_over_time.png Graphic file (type png)
<use figs/rmssd_over_time.png>
Package pdftex.def Info: figs/rmssd_over_time.png  used on input line 305.
(pdftex.def)             Requested size: 804.81451pt x 375.57637pt.
LaTeX Font Info:    Font shape `T1/FiraSans-OsF/b/n' in size <46> not available

(Font)              Font shape `T1/FiraSans-OsF/bold/n' tried instead on input 
line 326.
LaTeX Font Info:    Font shape `T1/FiraSans-OsF/bold/n' will be
(Font)              scaled to size 46.0pt on input line 326.
LaTeX Font Info:    Font shape `TS1/FiraSans-OsF/b/n' in size <29.86> not avail
able
(Font)              Font shape `TS1/FiraSans-OsF/bold/n' tried instead on input
 line 328.
LaTeX Font Info:    Font shape `TS1/FiraSans-OsF/bold/n' will be
(Font)              scaled to size 29.86pt on input line 328.
LaTeX Font Info:    Trying to load font information for U+fontawesomebrands0 on
 input line 335.

(/nix/store/z04bvjdadj4kd7zihcwn0v44vkmyimf4-texlive-combined-full-2025-final-t
exmfdist/tex/latex/fontawesome5/ufontawesomebrands0.fd)
LaTeX Font Info:    Font shape `U/fontawesomebrands0/solid/n' in size <24.88> n
ot available
(Font)              Font shape `U/fontawesomebrands0/regular/n' tried instead o
n input line 335.
 [1

{/nix/store/z22g7l2iaraqc2jxdjjrnd0wvm8w8xz4-texlive-combined-full-2025-final/s
hare/texmf-var/fonts/map/pdftex/updmap/pdftex.map}{/nix/store/z04bvjdadj4kd7zih
cwn0v44vkmyimf4-texlive-combined-full-2025-final-texmfdist/fonts/enc/dvips/fira
/fir_iln36p.enc}{/nix/store/z04bvjdadj4kd7zihcwn0v44vkmyimf4-texlive-combined-f
ull-2025-final-texmfdist/fonts/enc/dvips/cm-super/cm-super-t1.enc}{/nix/store/z
04bvjdadj4kd7zihcwn0v44vkmyimf4-texlive-combined-full-2025-final-texmfdist/font
s/enc/dvips/fira/fir_d67aat.enc}{/nix/store/z04bvjdadj4kd7zihcwn0v44vkmyimf4-te
xlive-combined-full-2025-final-texmfdist/fonts/enc/dvips/fontawesome5/fa5brands
0.enc} <./figs/between_dataset_kde.png> <./figs/hero_participant_vs_normative.p
ng> <./figs/lfhf_over_time.png> <./figs/rmssd_over_time.png>] (./juliacon2026_p
oster.aux
<Reading QR code for "https://github.com/abcsds/HeartRateLab.jl" at level 3-M f
rom aux file.>
)
 ***********
LaTeX2e <2025-11-01>
L3 programming layer <2026-01-19>
 ***********


LaTeX Font Warning: Size substitutions with differences
(Font)              up to 10.95pt have occurred.

 ) 
Here is how much of TeX's memory you used:
 31153 strings out of 467533
 705257 string characters out of 5392394
 1491567 words of memory out of 5000000
 59601 multiletter control sequences out of 15000+600000
 935410 words of font info for 110 fonts, out of 8000000 for 9000
 1141 hyphenation exceptions out of 8191
 110i,9n,107p,11222b,1059s stack positions out of 10000i,1000n,20000p,200000b,200000s
</nix/store/z04bvjdadj4kd7zihcwn0v44vkmyimf4-texlive-combined-full-2025-final
-texmfdist/fonts/type1/public/fira/FiraSans-Bold.pfb></nix/store/z04bvjdadj4kd7
zihcwn0v44vkmyimf4-texlive-combined-full-2025-final-texmfdist/fonts/type1/publi
c/fira/FiraSans-BoldItalic.pfb></nix/store/z04bvjdadj4kd7zihcwn0v44vkmyimf4-tex
live-combined-full-2025-final-texmfdist/fonts/type1/public/fira/FiraSans-Italic
.pfb></nix/store/z04bvjdadj4kd7zihcwn0v44vkmyimf4-texlive-combined-full-2025-fi
nal-texmfdist/fonts/type1/public/fira/FiraSans-Regular.pfb></nix/store/z04bvjda
dj4kd7zihcwn0v44vkmyimf4-texlive-combined-full-2025-final-texmfdist/fonts/type1
/public/fontawesome5/FontAwesome5Brands-Regular.pfb></nix/store/z04bvjdadj4kd7z
ihcwn0v44vkmyimf4-texlive-combined-full-2025-final-texmfdist/fonts/type1/public
/amsfonts/cm/cmmi12.pfb></nix/store/z04bvjdadj4kd7zihcwn0v44vkmyimf4-texlive-co
mbined-full-2025-final-texmfdist/fonts/type1/public/amsfonts/cm/cmr12.pfb></nix
/store/z04bvjdadj4kd7zihcwn0v44vkmyimf4-texlive-combined-full-2025-final-texmfd
ist/fonts/type1/public/amsfonts/cm/cmr17.pfb></nix/store/z04bvjdadj4kd7zihcwn0v
44vkmyimf4-texlive-combined-full-2025-final-texmfdist/fonts/type1/public/amsfon
ts/cm/cmsy10.pfb></nix/store/z04bvjdadj4kd7zihcwn0v44vkmyimf4-texlive-combined-
full-2025-final-texmfdist/fonts/type1/public/cm-super/sftt1440.pfb></nix/store/
z04bvjdadj4kd7zihcwn0v44vkmyimf4-texlive-combined-full-2025-final-texmfdist/fon
ts/type1/public/cm-super/sftt1728.pfb></nix/store/z04bvjdadj4kd7zihcwn0v44vkmyi
mf4-texlive-combined-full-2025-final-texmfdist/fonts/type1/public/cm-super/sftt
2074.pfb>
Output written on juliacon2026_poster.pdf (1 page, 992377 bytes).
PDF statistics:
 129 PDF objects out of 1000 (max. 8388607)
 67 compressed objects within 1 object stream
 0 named destinations out of 1000 (max. 500000)
 201 words of extra memory for PDF output out of 10000 (max. 10000000)

